This is pdfTeX, Version 3.141592653-2.6-1.40.27 (TeX Live 2025) (preloaded format=pdflatex 2025.3.8)  19 MAR 2026 16:30
entering extended mode
 restricted \write18 enabled.
 file:line:error style messages enabled.
 %&-line parsing enabled.
**main.tex
(./main.tex
LaTeX2e <2024-11-01> patch level 2
L3 programming layer <2025-01-18>
(/usr/local/texlive/2025/texmf-dist/tex/latex/achemso/achemso.cls
Document Class: achemso 2025-01-29 v3.13h Submission to ACS journals
(/usr/local/texlive/2025/texmf-dist/tex/latex/base/article.cls
Document Class: article 2024/06/29 v1.4n Standard LaTeX document class
(/usr/local/texlive/2025/texmf-dist/tex/latex/base/size12.clo
File: size12.clo 2024/06/29 v1.4n Standard LaTeX file (size option)
)
\c@part=\count196
\c@section=\count197
\c@subsection=\count198
\c@subsubsection=\count199
\c@paragraph=\count266
\c@subparagraph=\count267
\c@figure=\count268
\c@table=\count269
\abovecaptionskip=\skip49
\belowcaptionskip=\skip50
\bibindent=\dimen141
)
(/usr/local/texlive/2025/texmf-dist/tex/latex/xkeyval/xkeyval.sty
Package: xkeyval 2022/06/16 v2.9 package option processing (HA)

(/usr/local/texlive/2025/texmf-dist/tex/generic/xkeyval/xkeyval.tex
(/usr/local/texlive/2025/texmf-dist/tex/generic/xkeyval/xkvutils.tex
\XKV@toks=\toks17
\XKV@tempa@toks=\toks18

(/usr/local/texlive/2025/texmf-dist/tex/generic/xkeyval/keyval.tex))
\XKV@depth=\count270
File: xkeyval.tex 2014/12/03 v2.7a key=value parser (HA)
))
\acs@bib@file=\write3
\c@bibnote=\count271

(/usr/local/texlive/2025/texmf-dist/tex/latex/geometry/geometry.sty
Package: geometry 2020/01/02 v5.9 Page Geometry

(/usr/local/texlive/2025/texmf-dist/tex/generic/iftex/ifvtex.sty
Package: ifvtex 2019/10/25 v1.7 ifvtex legacy package. Use iftex instead.

(/usr/local/texlive/2025/texmf-dist/tex/generic/iftex/iftex.sty
Package: iftex 2024/12/12 v1.0g TeX engine tests
))
\Gm@cnth=\count272
\Gm@cntv=\count273
\c@Gm@tempcnt=\count274
\Gm@bindingoffset=\dimen142
\Gm@wd@mp=\dimen143
\Gm@odd@mp=\dimen144
\Gm@even@mp=\dimen145
\Gm@layoutwidth=\dimen146
\Gm@layoutheight=\dimen147
\Gm@layouthoffset=\dimen148
\Gm@layoutvoffset=\dimen149
\Gm@dimlist=\toks19
)
(/usr/local/texlive/2025/texmf-dist/tex/latex/caption/caption.sty
Package: caption 2023/08/05 v3.6o Customizing captions (AR)

(/usr/local/texlive/2025/texmf-dist/tex/latex/caption/caption3.sty
Package: caption3 2023/07/31 v2.4d caption3 kernel (AR)
\caption@tempdima=\dimen150
\captionmargin=\dimen151
\caption@leftmargin=\dimen152
\caption@rightmargin=\dimen153
\caption@width=\dimen154
\caption@indent=\dimen155
\caption@parindent=\dimen156
\caption@hangindent=\dimen157
Package caption Info: Standard document class detected.
)
\c@caption@flags=\count275
\c@continuedfloat=\count276
)
(/usr/local/texlive/2025/texmf-dist/tex/latex/float/float.sty
Package: float 2001/11/08 v1.3d Float enhancements (AL)
\c@float@type=\count277
\float@exts=\toks20
\float@box=\box52
\@float@everytoks=\toks21
\@floatcapt=\box53
)
(/usr/local/texlive/2025/texmf-dist/tex/latex/graphics/graphicx.sty
Package: graphicx 2021/09/16 v1.2d Enhanced LaTeX Graphics (DPC,SPQR)

(/usr/local/texlive/2025/texmf-dist/tex/latex/graphics/graphics.sty
Package: graphics 2024/08/06 v1.4g Standard LaTeX Graphics (DPC,SPQR)

(/usr/local/texlive/2025/texmf-dist/tex/latex/graphics/trig.sty
Package: trig 2023/12/02 v1.11 sin cos tan (DPC)
)
(/usr/local/texlive/2025/texmf-dist/tex/latex/graphics-cfg/graphics.cfg
File: graphics.cfg 2016/06/04 v1.11 sample graphics configuration
)
Package graphics Info: Driver file: pdftex.def on input line 106.

(/usr/local/texlive/2025/texmf-dist/tex/latex/graphics-def/pdftex.def
File: pdftex.def 2024/04/13 v1.2c Graphics/color driver for pdftex
))
\Gin@req@height=\dimen158
\Gin@req@width=\dimen159
)
(/usr/local/texlive/2025/texmf-dist/tex/latex/setspace/setspace.sty
Package: setspace 2022/12/04 v6.7b set line spacing
)
(/usr/local/texlive/2025/texmf-dist/tex/latex/url/url.sty
\Urlmuskip=\muskip17
Package: url 2013/09/16  ver 3.4  Verb mode for urls, etc.
)
\acs@author@cnt=\count278
\acs@affil@cnt=\count279
\acs@affil@alt@cnt=\count280
\acs@footnote@cnt=\count281
\acs@affil@marker@cnt=\count282
\acs@space@pre@title=\skip51
\acs@space@post@title=\skip52
\acs@space@post@author=\skip53
\acs@space@post@address=\skip54
\acs@space@post@email=\skip55
\acs@maketitle@width=\skip56
\@float@every@scheme=\toks22
\c@scheme=\count283
\@float@every@chart=\toks23
\c@chart=\count284
\@float@every@graph=\toks24
\c@graph=\count285
\@float@every@table=\toks25
\acs@collect@toks=\toks26
\acs@collect@empty@toks=\toks27
\acs@tocentry@height=\skip57
\acs@tocentry@width=\skip58

(/usr/local/texlive/2025/texmf-dist/tex/latex/achemso/achemso-ascecg.cfg
File: achemso-ascecg.cfg 2025-01-29 v3.13h achemso configuration: ACS Sustainab
le Chem Eng.
)
(/usr/local/texlive/2025/texmf-dist/tex/latex/natbib/natbib.sty
Package: natbib 2010/09/13 8.31b (PWD, AO)
\bibhang=\skip59
\bibsep=\skip60
LaTeX Info: Redefining \cite on input line 694.
\c@NAT@ctr=\count286
)
(/usr/local/texlive/2025/texmf-dist/tex/latex/achemso/natmove.sty
Package: natmove 2010/01/15 v1.1a Automatic citation moving with natbib
)
(/usr/local/texlive/2025/texmf-dist/tex/latex/mciteplus/mciteplus.sty
Package: mciteplus 2013/09/13 v1.2 enhanced mcite
\@mcitetmptoksA=\toks28
\@mcitetmpdima=\dimen160
\@mcitetmpdimb=\dimen161
\@mcitetmpcnta=\count287
\@mcitetmpcntb=\count288
\c@mcitebibitemcount=\count289
\c@mcitesubitemcount=\count290

** mciteplus: Detected natbib.sty. Invoking hooks.
)) (/usr/local/texlive/2025/texmf-dist/tex/latex/mhchem/mhchem.sty
Package: mhchem 2024/01/29 v4.10 for typesetting chemical formulae

(/usr/local/texlive/2025/texmf-dist/tex/latex/l3kernel/expl3.sty
Package: expl3 2025-01-18 L3 programming layer (loader) 

(/usr/local/texlive/2025/texmf-dist/tex/latex/l3backend/l3backend-pdftex.def
File: l3backend-pdftex.def 2024-05-08 L3 backend support: PDF output (pdfTeX)
\l__color_backend_stack_int=\count291
\l__pdf_internal_box=\box54
))
(/usr/local/texlive/2025/texmf-dist/tex/latex/l3packages/l3keys2e/l3keys2e.sty
Package: l3keys2e 2024-08-16 LaTeX2e option processing using LaTeX3 keys
) (/usr/local/texlive/2025/texmf-dist/tex/latex/tools/calc.sty
Package: calc 2023/07/08 v4.3 Infix arithmetic (KKT,FJ)
\calc@Acount=\count292
\calc@Bcount=\count293
\calc@Adimen=\dimen162
\calc@Bdimen=\dimen163
\calc@Askip=\skip61
\calc@Bskip=\skip62
LaTeX Info: Redefining \setlength on input line 80.
LaTeX Info: Redefining \addtolength on input line 81.
\calc@Ccount=\count294
\calc@Cskip=\skip63
)
(/usr/local/texlive/2025/texmf-dist/tex/latex/amsmath/amsmath.sty
Package: amsmath 2024/11/05 v2.17t AMS math features
\@mathmargin=\skip64

For additional information on amsmath, use the `?' option.
(/usr/local/texlive/2025/texmf-dist/tex/latex/amsmath/amstext.sty
Package: amstext 2021/08/26 v2.01 AMS text

(/usr/local/texlive/2025/texmf-dist/tex/latex/amsmath/amsgen.sty
File: amsgen.sty 1999/11/30 v2.0 generic functions
\@emptytoks=\toks29
\ex@=\dimen164
))
(/usr/local/texlive/2025/texmf-dist/tex/latex/amsmath/amsbsy.sty
Package: amsbsy 1999/11/29 v1.2d Bold Symbols
\pmbraise@=\dimen165
)
(/usr/local/texlive/2025/texmf-dist/tex/latex/amsmath/amsopn.sty
Package: amsopn 2022/04/08 v2.04 operator names
)
\inf@bad=\count295
LaTeX Info: Redefining \frac on input line 233.
\uproot@=\count296
\leftroot@=\count297
LaTeX Info: Redefining \overline on input line 398.
LaTeX Info: Redefining \colon on input line 409.
\classnum@=\count298
\DOTSCASE@=\count299
LaTeX Info: Redefining \ldots on input line 495.
LaTeX Info: Redefining \dots on input line 498.
LaTeX Info: Redefining \cdots on input line 619.
\Mathstrutbox@=\box55
\strutbox@=\box56
LaTeX Info: Redefining \big on input line 721.
LaTeX Info: Redefining \Big on input line 722.
LaTeX Info: Redefining \bigg on input line 723.
LaTeX Info: Redefining \Bigg on input line 724.
\big@size=\dimen166
LaTeX Font Info:    Redeclaring font encoding OML on input line 742.
LaTeX Font Info:    Redeclaring font encoding OMS on input line 743.
\macc@depth=\count300
LaTeX Info: Redefining \bmod on input line 904.
LaTeX Info: Redefining \pmod on input line 909.
LaTeX Info: Redefining \smash on input line 939.
LaTeX Info: Redefining \relbar on input line 969.
LaTeX Info: Redefining \Relbar on input line 970.
\c@MaxMatrixCols=\count301
\dotsspace@=\muskip18
\c@parentequation=\count302
\dspbrk@lvl=\count303
\tag@help=\toks30
\row@=\count304
\column@=\count305
\maxfields@=\count306
\andhelp@=\toks31
\eqnshift@=\dimen167
\alignsep@=\dimen168
\tagshift@=\dimen169
\tagwidth@=\dimen170
\totwidth@=\dimen171
\lineht@=\dimen172
\@envbody=\toks32
\multlinegap=\skip65
\multlinetaggap=\skip66
\mathdisplay@stack=\toks33
LaTeX Info: Redefining \[ on input line 2953.
LaTeX Info: Redefining \] on input line 2954.
)
(/usr/local/texlive/2025/texmf-dist/tex/latex/chemgreek/chemgreek.sty
(/usr/local/texlive/2025/texmf-dist/tex/latex/l3packages/xparse/xparse.sty
Package: xparse 2024-08-16 L3 Experimental document command parser
)
Package: chemgreek 2020/01/16 v1.1a interface for upright Greek letters for use
 in chemistry (CN)
\l__chemgreek_tmpa_int=\count307
\g__chemgreek_tmpa_int=\count308
)
\l__mhchem_ce_distanceFromLastComma_int=\count309
\__mhchem_arrow_extPgfLength_skip=\skip67
\mhchem@minispace@tmp=\skip68
\mhchem@minibackspace@tmp=\skip69
\mhchem@bondwidth=\skip70
\mhchem@bondheight=\skip71
\mhchem@smallbondwidth@tmpA=\skip72
\mhchem@smallbondwidth@tmpB=\skip73
\mhchem@smallbondwidth=\skip74
\mhchem@bondtmp@minussidebearingleft=\skip75
\mhchem@bondtmp@minussidebearingright=\skip76
\l__mhchem_option_version_int=\count310
\mhchem@option@minusmathsidebearingleft=\dimen173
\mhchem@option@minusmathsidebearingright=\dimen174
\mhchem@option@minustextsidebearingleft=\dimen175
\mhchem@option@minustextsidebearingright=\dimen176
)
(/usr/local/texlive/2025/texmf-dist/tex/latex/import/import.sty
Package: import 2020/04/01  v 6.2
)
(/usr/local/texlive/2025/texmf-dist/tex/latex/multirow/multirow.sty
Package: multirow 2024/11/12 v2.9 Span multiple rows of a table
\multirow@colwidth=\skip77
\multirow@cntb=\count311
\multirow@dima=\skip78
\bigstrutjot=\dimen177
)
(/usr/local/texlive/2025/texmf-dist/tex/latex/adjustbox/adjustbox.sty
Package: adjustbox 2025/02/26 v1.3c Adjusting TeX boxes (trim, clip, ...)

(/usr/local/texlive/2025/texmf-dist/tex/latex/adjustbox/adjcalc.sty
Package: adjcalc 2012/05/16 v1.1 Provides advanced setlength with multiple back
-ends (calc, etex, pgfmath)
)
(/usr/local/texlive/2025/texmf-dist/tex/latex/adjustbox/trimclip.sty
Package: trimclip 2025/02/21 v1.2a Trim and clip general TeX material

(/usr/local/texlive/2025/texmf-dist/tex/latex/collectbox/collectbox.sty
Package: collectbox 2022/10/17 v0.4c Collect macro arguments as boxes
\collectedbox=\box57
)
\tc@llx=\dimen178
\tc@lly=\dimen179
\tc@urx=\dimen180
\tc@ury=\dimen181
Package trimclip Info: Using driver 'tc-pdftex.def'.

(/usr/local/texlive/2025/texmf-dist/tex/latex/adjustbox/tc-pdftex.def
File: tc-pdftex.def 2025/02/26 v2.3 Clipping driver for pdftex
))
\adjbox@Width=\dimen182
\adjbox@Height=\dimen183
\adjbox@Depth=\dimen184
\adjbox@Totalheight=\dimen185
\adjbox@pwidth=\dimen186
\adjbox@pheight=\dimen187
\adjbox@pdepth=\dimen188
\adjbox@ptotalheight=\dimen189

(/usr/local/texlive/2025/texmf-dist/tex/latex/ifoddpage/ifoddpage.sty
Package: ifoddpage 2022/10/18 v1.2 Conditionals for odd/even page detection
\c@checkoddpage=\count312
)
(/usr/local/texlive/2025/texmf-dist/tex/latex/varwidth/varwidth.sty
Package: varwidth 2009/03/30 ver 0.92;  Variable-width minipages
\@vwid@box=\box58
\sift@deathcycles=\count313
\@vwid@loff=\dimen190
\@vwid@roff=\dimen191
))
(/usr/local/texlive/2025/texmf-dist/tex/latex/caption/subcaption.sty
Package: subcaption 2023/07/28 v1.6b Sub-captions (AR)
Package caption Info: New subtype `subfigure' on input line 238.
\c@subfigure=\count314
Package caption Info: New subtype `subtable' on input line 238.
\c@subtable=\count315
)
(/usr/local/texlive/2025/texmf-dist/tex/latex/xcolor/xcolor.sty
Package: xcolor 2024/09/29 v3.02 LaTeX color extensions (UK)

(/usr/local/texlive/2025/texmf-dist/tex/latex/graphics-cfg/color.cfg
File: color.cfg 2016/01/02 v1.6 sample color configuration
)
Package xcolor Info: Driver file: pdftex.def on input line 274.

(/usr/local/texlive/2025/texmf-dist/tex/latex/graphics/mathcolor.ltx)
Package xcolor Info: Model `cmy' substituted by `cmy0' on input line 1349.
Package xcolor Info: Model `hsb' substituted by `rgb' on input line 1353.
Package xcolor Info: Model `RGB' extended on input line 1365.
Package xcolor Info: Model `HTML' substituted by `rgb' on input line 1367.
Package xcolor Info: Model `Hsb' substituted by `hsb' on input line 1368.
Package xcolor Info: Model `tHsb' substituted by `hsb' on input line 1369.
Package xcolor Info: Model `HSB' substituted by `hsb' on input line 1370.
Package xcolor Info: Model `Gray' substituted by `gray' on input line 1371.
Package xcolor Info: Model `wave' substituted by `hsb' on input line 1372.
)
(/usr/local/texlive/2025/texmf-dist/tex/generic/ulem/ulem.sty
\UL@box=\box59
\UL@hyphenbox=\box60
\UL@skip=\skip79
\UL@hook=\toks34
\UL@height=\dimen192
\UL@pe=\count316
\UL@pixel=\dimen193
\ULC@box=\box61
Package: ulem 2019/11/18
\ULdepth=\dimen194
)
(/usr/local/texlive/2025/texmf-dist/tex/latex/amsfonts/amssymb.sty
Package: amssymb 2013/01/14 v3.01 AMS font symbols

(/usr/local/texlive/2025/texmf-dist/tex/latex/amsfonts/amsfonts.sty
Package: amsfonts 2013/01/14 v3.01 Basic AMSFonts support
\symAMSa=\mathgroup4
\symAMSb=\mathgroup5
LaTeX Font Info:    Redeclaring math symbol \hbar on input line 98.
LaTeX Font Info:    Overwriting math alphabet `\mathfrak' in version `bold'
(Font)                  U/euf/m/n --> U/euf/b/n on input line 106.
))
(/usr/local/texlive/2025/texmf-dist/tex/latex/tools/array.sty
Package: array 2024/10/17 v2.6g Tabular extension package (FMi)
\col@sep=\dimen195
\ar@mcellbox=\box62
\extrarowheight=\dimen196
\NC@list=\toks35
\extratabsurround=\skip80
\backup@length=\skip81
\ar@cellbox=\box63
)
(/usr/local/texlive/2025/texmf-dist/tex/latex/base/inputenc.sty
Package: inputenc 2024/02/08 v1.3d Input encoding file
\inpenc@prehook=\toks36
\inpenc@posthook=\toks37
)
(/usr/local/texlive/2025/texmf-dist/tex/latex/base/fontenc.sty
Package: fontenc 2021/04/29 v2.0v Standard LaTeX package
)
(/usr/local/texlive/2025/texmf-dist/tex/latex/etoolbox/etoolbox.sty
Package: etoolbox 2025/02/11 v2.5l e-TeX tools for LaTeX (JAW)
\etb@tempcnta=\count317
)
(/usr/local/texlive/2025/texmf-dist/tex/latex/tools/tabularx.sty
Package: tabularx 2023/12/11 v2.12a `tabularx' package (DPC)
\TX@col@width=\dimen197
\TX@old@table=\dimen198
\TX@old@col=\dimen199
\TX@target=\dimen256
\TX@delta=\dimen257
\TX@cols=\count318
\TX@ftn=\toks38
)
No file main.aux.
\openout1 = `main.aux'.

LaTeX Font Info:    Checking defaults for OML/cmm/m/it on input line 51.
LaTeX Font Info:    ... okay on input line 51.
LaTeX Font Info:    Checking defaults for OMS/cmsy/m/n on input line 51.
LaTeX Font Info:    ... okay on input line 51.
LaTeX Font Info:    Checking defaults for OT1/cmr/m/n on input line 51.
LaTeX Font Info:    ... okay on input line 51.
LaTeX Font Info:    Checking defaults for T1/cmr/m/n on input line 51.
LaTeX Font Info:    ... okay on input line 51.
LaTeX Font Info:    Checking defaults for TS1/cmr/m/n on input line 51.
LaTeX Font Info:    ... okay on input line 51.
LaTeX Font Info:    Checking defaults for OMX/cmex/m/n on input line 51.
LaTeX Font Info:    ... okay on input line 51.
LaTeX Font Info:    Checking defaults for U/cmr/m/n on input line 51.
LaTeX Font Info:    ... okay on input line 51.
\openout3 = `acs-main.bib'.

*geometry* driver: auto-detecting
*geometry* detected driver: pdftex
*geometry* verbose mode - [ preamble ] result:
* driver: pdftex
* paper: <default>
* layout: <same size as paper>
* layoutoffset:(h,v)=(0.0pt,0.0pt)
* modes: 
* h-part:(L,W,R)=(72.2698pt, 469.75539pt, 72.2698pt)
* v-part:(T,H,B)=(72.2698pt, 650.43037pt, 72.2698pt)
* \paperwidth=614.295pt
* \paperheight=794.96999pt
* \textwidth=469.75539pt
* \textheight=650.43037pt
* \oddsidemargin=-0.00018pt
* \evensidemargin=-0.00018pt
* \topmargin=-37.00018pt
* \headheight=12.0pt
* \headsep=25.0pt
* \topskip=12.0pt
* \footskip=30.0pt
* \marginparwidth=44.0pt
* \marginparsep=10.0pt
* \columnsep=10.0pt
* \skip\footins=10.8pt plus 4.0pt minus 2.0pt
* \hoffset=0.0pt
* \voffset=0.0pt
* \mag=1000
* \@twocolumnfalse
* \@twosidefalse
* \@mparswitchfalse
* \@reversemarginfalse
* (1in=72.27pt=25.4mm, 1cm=28.453pt)

Package caption Info: Begin \AtBeginDocument code.
Package caption Info: float package is loaded.
Package caption Info: End \AtBeginDocument code.
(/usr/local/texlive/2025/texmf-dist/tex/context/base/mkii/supp-pdf.mkii
[Loading MPS to PDF converter (version 2006.09.02).]
\scratchcounter=\count319
\scratchdimen=\dimen258
\scratchbox=\box64
\nofMPsegments=\count320
\nofMParguments=\count321
\everyMPshowfont=\toks39
\MPscratchCnt=\count322
\MPscratchDim=\dimen259
\MPnumerator=\count323
\makeMPintoPDFobject=\count324
\everyMPtoPDFconversion=\toks40
) (/usr/local/texlive/2025/texmf-dist/tex/latex/epstopdf-pkg/epstopdf-base.sty
Package: epstopdf-base 2020-01-24 v2.11 Base part for package epstopdf
Package epstopdf-base Info: Redefining graphics rule for `.eps' on input line 4
85.

(/usr/local/texlive/2025/texmf-dist/tex/latex/latexconfig/epstopdf-sys.cfg
File: epstopdf-sys.cfg 2010/07/13 v1.3 Configuration of (r)epstopdf for TeX Liv
e
))

Package chemgreek Info: Activating mapping `default' on line 51.

LaTeX Font Info:    Trying to load font information for U+msa on input line 51.


(/usr/local/texlive/2025/texmf-dist/tex/latex/amsfonts/umsa.fd
File: umsa.fd 2013/01/14 v3.01 AMS symbols A
)
LaTeX Font Info:    Trying to load font information for U+msb on input line 51.


(/usr/local/texlive/2025/texmf-dist/tex/latex/amsfonts/umsb.fd
File: umsb.fd 2013/01/14 v3.01 AMS symbols B
)

[1

{/usr/local/texlive/2025/texmf-var/fonts/map/pdftex/updmap/pdftex.map}{/usr/loc
al/texlive/2025/texmf-dist/fonts/enc/dvips/cm-super/cm-super-t1.enc}]
(./text.tex (./EoS.tex

[2]

[3]

LaTeX Warning: Reference `Eq:ZPerm' on page S4 undefined on input line 111.


LaTeX Warning: Reference `Eq:PhiPerm' on page S4 undefined on input line 111.


Package natbib Warning: Citation `Maribo2013a' on page S4 undefined on input li
ne 111.


Package natbib Warning: Citation `Maribo2013' on page S4 undefined on input lin
e 111.



[4]

Package natbib Warning: Citation `Maribo2013' on page S5 undefined on input lin
e 117.


LaTeX Warning: Reference `Ffunction_V' on page S5 undefined on input line 148.


LaTeX Warning: Reference `Ffunction_N' on page S5 undefined on input line 148.



[5]

[6]
Overfull \hbox (1.80481pt too wide) detected at line 266
[]\OT1/cmr/m/n/12 d\OML/cmm/m/it/12 H \OT1/cmr/m/n/12 = [] d\OML/cmm/m/it/12 ^^
_[] \OT1/cmr/m/n/12 + [] d\OML/cmm/m/it/12 ^^_[] \OT1/cmr/m/n/12 + [] d\OML/cmm
/m/it/12 ^^N[] \OT1/cmr/m/n/12 + [] d\OML/cmm/m/it/12 V \OT1/cmr/m/n/12 + [] d\
OML/cmm/m/it/12 N[] \OT1/cmr/m/n/12 + [] d\OML/cmm/m/it/12 N[] \OT1/cmr/m/n/12 
= 0\OML/cmm/m/it/12 ;
 []



[7]

LaTeX Warning: Reference `Gfunction_Phi' on page S8 undefined on input line 276
.


LaTeX Warning: Reference `Hfunction_Phi' on page S8 undefined on input line 276
.



[8])

[9]

LaTeX Warning: No positions in optional float specifier.
               Default added (so using `htbp') on input line 8.


Package natbib Warning: Citation `Tsivintzelis2011' on page S10 undefined on in
put line 9.


Package natbib Warning: Citation `Maribo2015' on page S10 undefined on input li
ne 9.


Package natbib Warning: Citation `Tsivintzelis2011' on page S10 undefined on in
put line 9.


Package natbib Warning: Citation `Maribo2015' on page S10 undefined on input li
ne 9.


LaTeX Warning: No positions in optional float specifier.
               Default added (so using `htbp') on input line 29.


Package natbib Warning: Citation `Berendsen1987' on page S10 undefined on input
 line 30.


Package natbib Warning: Citation `Harris1995' on page S10 undefined on input li
ne 30.


Package natbib Warning: Citation `Smith1994' on page S10 undefined on input lin
e 30.


Package natbib Warning: Citation `Smith1994' on page S10 undefined on input lin
e 30.


Package natbib Warning: Citation `Berendsen1987' on page S10 undefined on input
 line 30.


Package natbib Warning: Citation `Harris1995' on page S10 undefined on input li
ne 30.


Package natbib Warning: Citation `Smith1994' on page S10 undefined on input lin
e 30.


Package natbib Warning: Citation `Smith1994' on page S10 undefined on input lin
e 30.


LaTeX Warning: No positions in optional float specifier.
               Default added (so using `htbp') on input line 50.


Package natbib Warning: Citation `Vlcek2011' on page S10 undefined on input lin
e 51.


Package natbib Warning: Citation `Vlcek2011' on page S10 undefined on input lin
e 51.



[10{/usr/local/texlive/2025/texmf-dist/fonts/enc/dvips/cm-super/cm-super-ts1.en
c}]
<Figures/ELV_CW_TLow.png, id=63, 264.5082pt x 278.7213pt>
File: Figures/ELV_CW_TLow.png Graphic file (type png)
<use Figures/ELV_CW_TLow.png>
Package pdftex.def Info: Figures/ELV_CW_TLow.png  used on input line 72.
(pdftex.def)             Requested size: 305.33812pt x 321.75185pt.


Package natbib Warning: Citation `Guo2014' on page S11 undefined on input line 
73.


Package natbib Warning: Citation `Valtz2004' on page S11 undefined on input lin
e 73.


Package natbib Warning: Citation `Hou2013' on page S11 undefined on input line 
73.


Package natbib Warning: Citation `King1992' on page S11 undefined on input line
 73.


Package natbib Warning: Citation `Briones1987' on page S11 undefined on input l
ine 73.


Package natbib Warning: Citation `Bamberger2000' on page S11 undefined on input
 line 73.


Package natbib Warning: Citation `Rumpf1994' on page S11 undefined on input lin
e 73.


Package natbib Warning: Citation `Dsouza1988' on page S11 undefined on input li
ne 73.


Package natbib Warning: Citation `Tödheide1963' on page S11 undefined on input
 line 73.


Package natbib Warning: Citation `Dohrn1993' on page S11 undefined on input lin
e 73.


Package natbib Warning: Citation `Meyer2015' on page S11 undefined on input lin
e 73.


Package natbib Warning: Citation `Nighswander1989' on page S11 undefined on inp
ut line 73.


Package natbib Warning: Citation `Tong2013' on page S11 undefined on input line
 73.


Package natbib Warning: Citation `Guo2014' on page S11 undefined on input line 
73.


Package natbib Warning: Citation `Valtz2004' on page S11 undefined on input lin
e 73.


Package natbib Warning: Citation `Hou2013' on page S11 undefined on input line 
73.


Package natbib Warning: Citation `King1992' on page S11 undefined on input line
 73.


Package natbib Warning: Citation `Briones1987' on page S11 undefined on input l
ine 73.


Package natbib Warning: Citation `Bamberger2000' on page S11 undefined on input
 line 73.


Package natbib Warning: Citation `Rumpf1994' on page S11 undefined on input lin
e 73.


Package natbib Warning: Citation `Dsouza1988' on page S11 undefined on input li
ne 73.


Package natbib Warning: Citation `Tödheide1963' on page S11 undefined on input
 line 73.


Package natbib Warning: Citation `Dohrn1993' on page S11 undefined on input lin
e 73.


Package natbib Warning: Citation `Meyer2015' on page S11 undefined on input lin
e 73.


Package natbib Warning: Citation `Nighswander1989' on page S11 undefined on inp
ut line 73.


Package natbib Warning: Citation `Tong2013' on page S11 undefined on input line
 73.



[11 <./Figures/ELV_CW_TLow.png>]
<Figures/HENRY.png, id=67, 510.2262pt x 421.8159pt>
File: Figures/HENRY.png Graphic file (type png)
<use Figures/HENRY.png>
Package pdftex.def Info: Figures/HENRY.png  used on input line 81.
(pdftex.def)             Requested size: 328.82733pt x 271.8471pt.


Package natbib Warning: Citation `Postigo1987' on page S12 undefined on input l
ine 82.


Package natbib Warning: Citation `Tokunaga1975' on page S12 undefined on input 
line 82.


Package natbib Warning: Citation `Su2009' on page S12 undefined on input line 8
2.


Package natbib Warning: Citation `Schulze1981' on page S12 undefined on input l
ine 82.


Package natbib Warning: Citation `Zheng1997' on page S12 undefined on input lin
e 82.


Package natbib Warning: Citation `Dhima1999' on page S12 undefined on input lin
e 82.


Package natbib Warning: Citation `Kiepe2002' on page S12 undefined on input lin
e 82.


Package natbib Warning: Citation `Anderson2002' on page S12 undefined on input 
line 82.


Package natbib Warning: Citation `Malegaonkar1997' on page S12 undefined on inp
ut line 82.


Package natbib Warning: Citation `Dalmolin2006' on page S12 undefined on input 
line 82.


Package natbib Warning: Citation `Ellis1963' on page S12 undefined on input lin
e 82.


Package natbib Warning: Citation `Postigo1987' on page S12 undefined on input l
ine 82.


Package natbib Warning: Citation `Tokunaga1975' on page S12 undefined on input 
line 82.


Package natbib Warning: Citation `Su2009' on page S12 undefined on input line 8
2.


Package natbib Warning: Citation `Schulze1981' on page S12 undefined on input l
ine 82.


Package natbib Warning: Citation `Zheng1997' on page S12 undefined on input lin
e 82.


Package natbib Warning: Citation `Dhima1999' on page S12 undefined on input lin
e 82.


Package natbib Warning: Citation `Kiepe2002' on page S12 undefined on input lin
e 82.


Package natbib Warning: Citation `Anderson2002' on page S12 undefined on input 
line 82.


Package natbib Warning: Citation `Malegaonkar1997' on page S12 undefined on inp
ut line 82.


Package natbib Warning: Citation `Dalmolin2006' on page S12 undefined on input 
line 82.


Package natbib Warning: Citation `Ellis1963' on page S12 undefined on input lin
e 82.



[12 <./Figures/HENRY.png>]
<Figures/CPAmodels_T298K.png, id=73, 413.1435pt x 435.5472pt>
File: Figures/CPAmodels_T298K.png Graphic file (type png)
<use Figures/CPAmodels_T298K.png>
Package pdftex.def Info: Figures/CPAmodels_T298K.png  used on input line 92.
(pdftex.def)             Requested size: 151.91905pt x 160.15305pt.
<Figures/CPAmodels_T323K.png, id=74, 413.1435pt x 435.5472pt>
File: Figures/CPAmodels_T323K.png Graphic file (type png)
<use Figures/CPAmodels_T323K.png>
Package pdftex.def Info: Figures/CPAmodels_T323K.png  used on input line 97.
(pdftex.def)             Requested size: 151.91905pt x 160.15305pt.
<Figures/CPAmodels_T373K.png, id=75, 413.1435pt x 435.5472pt>
File: Figures/CPAmodels_T373K.png Graphic file (type png)
<use Figures/CPAmodels_T373K.png>
Package pdftex.def Info: Figures/CPAmodels_T373K.png  used on input line 102.
(pdftex.def)             Requested size: 151.91905pt x 160.15305pt.
<Figures/CPAmodels_T423K.png, id=76, 413.1435pt x 435.5472pt>
File: Figures/CPAmodels_T423K.png Graphic file (type png)
<use Figures/CPAmodels_T423K.png>
Package pdftex.def Info: Figures/CPAmodels_T423K.png  used on input line 108.
(pdftex.def)             Requested size: 151.91905pt x 160.15305pt.
<Figures/CPAmodels_T473K.png, id=77, 413.1435pt x 435.5472pt>
File: Figures/CPAmodels_T473K.png Graphic file (type png)
<use Figures/CPAmodels_T473K.png>
Package pdftex.def Info: Figures/CPAmodels_T473K.png  used on input line 113.
(pdftex.def)             Requested size: 151.91905pt x 160.15305pt.
<Figures/CPAmodels_T523K.png, id=78, 440.847pt x 435.5472pt>
File: Figures/CPAmodels_T523K.png Graphic file (type png)
<use Figures/CPAmodels_T523K.png>
Package pdftex.def Info: Figures/CPAmodels_T523K.png  used on input line 118.
(pdftex.def)             Requested size: 151.91905pt x 150.09114pt.


Package natbib Warning: Citation `Tsivintzelis2011' on page S13 undefined on in
put line 122.


Package natbib Warning: Citation `Maribo2015' on page S13 undefined on input li
ne 122.


Package natbib Warning: Citation `Olsen2021' on page S13 undefined on input lin
e 122.


Package natbib Warning: Citation `Li2009' on page S13 undefined on input line 1
22.


Package natbib Warning: Citation `Guo2014' on page S13 undefined on input line 
122.


Package natbib Warning: Citation `Valtz2004' on page S13 undefined on input lin
e 122.


Package natbib Warning: Citation `Hou2013' on page S13 undefined on input line 
122.


Package natbib Warning: Citation `King1992' on page S13 undefined on input line
 122.


Package natbib Warning: Citation `Briones1987' on page S13 undefined on input l
ine 122.


Package natbib Warning: Citation `Bamberger2000' on page S13 undefined on input
 line 122.


Package natbib Warning: Citation `Rumpf1994' on page S13 undefined on input lin
e 122.


Package natbib Warning: Citation `Dsouza1988' on page S13 undefined on input li
ne 122.


Package natbib Warning: Citation `Tödheide1963' on page S13 undefined on input
 line 122.


Package natbib Warning: Citation `Dohrn1993' on page S13 undefined on input lin
e 122.


Package natbib Warning: Citation `Meyer2015' on page S13 undefined on input lin
e 122.


Package natbib Warning: Citation `Nighswander1989' on page S13 undefined on inp
ut line 122.


Package natbib Warning: Citation `Tong2013' on page S13 undefined on input line
 122.


Package natbib Warning: Citation `Takenouchi1964' on page S13 undefined on inpu
t line 122.


Package natbib Warning: Citation `Sako1991' on page S13 undefined on input line
 122.


Package natbib Warning: Citation `Muller1988' on page S13 undefined on input li
ne 122.


Package natbib Warning: Citation `Tsivintzelis2011' on page S13 undefined on in
put line 122.


Package natbib Warning: Citation `Maribo2015' on page S13 undefined on input li
ne 122.


Package natbib Warning: Citation `Olsen2021' on page S13 undefined on input lin
e 122.


Package natbib Warning: Citation `Li2009' on page S13 undefined on input line 1
22.


Package natbib Warning: Citation `Guo2014' on page S13 undefined on input line 
122.


Package natbib Warning: Citation `Valtz2004' on page S13 undefined on input lin
e 122.


Package natbib Warning: Citation `Hou2013' on page S13 undefined on input line 
122.


Package natbib Warning: Citation `King1992' on page S13 undefined on input line
 122.


Package natbib Warning: Citation `Briones1987' on page S13 undefined on input l
ine 122.


Package natbib Warning: Citation `Bamberger2000' on page S13 undefined on input
 line 122.


Package natbib Warning: Citation `Rumpf1994' on page S13 undefined on input lin
e 122.


Package natbib Warning: Citation `Dsouza1988' on page S13 undefined on input li
ne 122.


Package natbib Warning: Citation `Tödheide1963' on page S13 undefined on input
 line 122.


Package natbib Warning: Citation `Dohrn1993' on page S13 undefined on input lin
e 122.


Package natbib Warning: Citation `Meyer2015' on page S13 undefined on input lin
e 122.


Package natbib Warning: Citation `Nighswander1989' on page S13 undefined on inp
ut line 122.


Package natbib Warning: Citation `Tong2013' on page S13 undefined on input line
 122.


Package natbib Warning: Citation `Takenouchi1964' on page S13 undefined on inpu
t line 122.


Package natbib Warning: Citation `Sako1991' on page S13 undefined on input line
 122.


Package natbib Warning: Citation `Muller1988' on page S13 undefined on input li
ne 122.



[13 <./Figures/CPAmodels_T298K.png> <./Figures/CPAmodels_T323K.png> <./Figures/
CPAmodels_T373K.png> <./Figures/CPAmodels_T423K.png> <./Figures/CPAmodels_T473K
.png> <./Figures/CPAmodels_T523K.png>]
<Figures/CPAmodels_T548K.png, id=90, 446.6286pt x 415.5525pt>
File: Figures/CPAmodels_T548K.png Graphic file (type png)
<use Figures/CPAmodels_T548K.png>
Package pdftex.def Info: Figures/CPAmodels_T548K.png  used on input line 130.
(pdftex.def)             Requested size: 188.7515pt x 175.61513pt.
<Figures/CPAmodels_T573K.png, id=91, 446.6286pt x 415.5525pt>
File: Figures/CPAmodels_T573K.png Graphic file (type png)
<use Figures/CPAmodels_T573K.png>
Package pdftex.def Info: Figures/CPAmodels_T573K.png  used on input line 135.
(pdftex.def)             Requested size: 188.7515pt x 175.61513pt.
<Figures/CPAmodels_T598K.png, id=92, 446.6286pt x 415.5525pt>
File: Figures/CPAmodels_T598K.png Graphic file (type png)
<use Figures/CPAmodels_T598K.png>
Package pdftex.def Info: Figures/CPAmodels_T598K.png  used on input line 141.
(pdftex.def)             Requested size: 188.7515pt x 175.61513pt.
<Figures/CPAmodels_T623K.png, id=93, 446.6286pt x 415.5525pt>
File: Figures/CPAmodels_T623K.png Graphic file (type png)
<use Figures/CPAmodels_T623K.png>
Package pdftex.def Info: Figures/CPAmodels_T623K.png  used on input line 146.
(pdftex.def)             Requested size: 188.7515pt x 175.61513pt.


Package natbib Warning: Citation `Tsivintzelis2011' on page S14 undefined on in
put line 150.


Package natbib Warning: Citation `Maribo2015' on page S14 undefined on input li
ne 150.


Package natbib Warning: Citation `Olsen2021' on page S14 undefined on input lin
e 150.


Package natbib Warning: Citation `Li2009' on page S14 undefined on input line 1
50.


Package natbib Warning: Citation `Guo2014' on page S14 undefined on input line 
150.


Package natbib Warning: Citation `Tödheide1963' on page S14 undefined on input
 line 150.


Package natbib Warning: Citation `Takenouchi1964' on page S14 undefined on inpu
t line 150.


Package natbib Warning: Citation `Tsivintzelis2011' on page S14 undefined on in
put line 150.


Package natbib Warning: Citation `Maribo2015' on page S14 undefined on input li
ne 150.


Package natbib Warning: Citation `Olsen2021' on page S14 undefined on input lin
e 150.


Package natbib Warning: Citation `Li2009' on page S14 undefined on input line 1
50.


Package natbib Warning: Citation `Guo2014' on page S14 undefined on input line 
150.


Package natbib Warning: Citation `Tödheide1963' on page S14 undefined on input
 line 150.


Package natbib Warning: Citation `Takenouchi1964' on page S14 undefined on inpu
t line 150.



[14 <./Figures/CPAmodels_T548K.png> <./Figures/CPAmodels_T573K.png> <./Figures/
CPAmodels_T598K.png> <./Figures/CPAmodels_T623K.png>]
<Figures/RHOCW_P150b.png, id=101, 435.5472pt x 349.0641pt>
File: Figures/RHOCW_P150b.png Graphic file (type png)
<use Figures/RHOCW_P150b.png>
Package pdftex.def Info: Figures/RHOCW_P150b.png  used on input line 158.
(pdftex.def)             Requested size: 151.91905pt x 121.75348pt.
<Figures/RHOCW_P302b.png, id=102, 435.5472pt x 349.0641pt>
File: Figures/RHOCW_P302b.png Graphic file (type png)
<use Figures/RHOCW_P302b.png>
Package pdftex.def Info: Figures/RHOCW_P302b.png  used on input line 163.
(pdftex.def)             Requested size: 151.91905pt x 121.75348pt.
<Figures/RHOCW_P503b.png, id=103, 435.5472pt x 349.0641pt>
File: Figures/RHOCW_P503b.png Graphic file (type png)
<use Figures/RHOCW_P503b.png>
Package pdftex.def Info: Figures/RHOCW_P503b.png  used on input line 168.
(pdftex.def)             Requested size: 151.91905pt x 121.75348pt.
<Figures/RHOCW_P705b.png, id=104, 435.5472pt x 349.0641pt>
File: Figures/RHOCW_P705b.png Graphic file (type png)
<use Figures/RHOCW_P705b.png>
Package pdftex.def Info: Figures/RHOCW_P705b.png  used on input line 174.
(pdftex.def)             Requested size: 151.91905pt x 121.75348pt.
<Figures/RHOCW_P1007b.png, id=105, 435.5472pt x 349.0641pt>
File: Figures/RHOCW_P1007b.png Graphic file (type png)
<use Figures/RHOCW_P1007b.png>
Package pdftex.def Info: Figures/RHOCW_P1007b.png  used on input line 179.
(pdftex.def)             Requested size: 151.91905pt x 121.75348pt.


Package natbib Warning: Citation `Wright2015' on page S15 undefined on input li
ne 183.


Package natbib Warning: Citation `Wright2015' on page S15 undefined on input li
ne 183.



[15 <./Figures/RHOCW_P150b.png> <./Figures/RHOCW_P302b.png> <./Figures/RHOCW_P5
03b.png> <./Figures/RHOCW_P705b.png> <./Figures/RHOCW_P1007b.png>]
<Figures/GEMCvsCPA_CW_rho.png, id=114, 748.9581pt x 349.0641pt>
File: Figures/GEMCvsCPA_CW_rho.png Graphic file (type png)
<use Figures/GEMCvsCPA_CW_rho.png>
Package pdftex.def Info: Figures/GEMCvsCPA_CW_rho.png  used on input line 190.
(pdftex.def)             Requested size: 446.26617pt x 207.99132pt.


Package natbib Warning: Citation `Vlcek2011' on page S16 undefined on input lin
e 192.


Package natbib Warning: Citation `Vlcek2011' on page S16 undefined on input lin
e 192.



[16 <./Figures/GEMCvsCPA_CW_rho.png>]
<Figures/GEMC_FFs.png, id=119, 770.6391pt x 407.121pt>
File: Figures/GEMC_FFs.png Graphic file (type png)
<use Figures/GEMC_FFs.png>
Package pdftex.def Info: Figures/GEMC_FFs.png  used on input line 200.
(pdftex.def)             Requested size: 375.80574pt x 198.53436pt.


Package natbib Warning: Citation `Guo2014' on page S17 undefined on input line 
201.


Package natbib Warning: Citation `Tödheide1963' on page S17 undefined on input
 line 201.


Package natbib Warning: Citation `Takenouchi1964' on page S17 undefined on inpu
t line 201.


Package natbib Warning: Citation `Liu2011' on page S17 undefined on input line 
201.


Package natbib Warning: Citation `Liu2011' on page S17 undefined on input line 
201.


Package natbib Warning: Citation `Liu2011' on page S17 undefined on input line 
201.


Package natbib Warning: Citation `Liu2011' on page S17 undefined on input line 
201.


Package natbib Warning: Citation `Liu2011' on page S17 undefined on input line 
201.


Package natbib Warning: Citation `Guo2014' on page S17 undefined on input line 
201.


Package natbib Warning: Citation `Tödheide1963' on page S17 undefined on input
 line 201.


Package natbib Warning: Citation `Takenouchi1964' on page S17 undefined on inpu
t line 201.


Package natbib Warning: Citation `Liu2011' on page S17 undefined on input line 
201.


Package natbib Warning: Citation `Liu2011' on page S17 undefined on input line 
201.


Package natbib Warning: Citation `Liu2011' on page S17 undefined on input line 
201.


Package natbib Warning: Citation `Liu2011' on page S17 undefined on input line 
201.


Package natbib Warning: Citation `Liu2011' on page S17 undefined on input line 
201.

<Figures/GEMC_FFpol_T573K.png, id=120, 520.344pt x 499.1448pt>
File: Figures/GEMC_FFpol_T573K.png Graphic file (type png)
<use Figures/GEMC_FFpol_T573K.png>
Package pdftex.def Info: Figures/GEMC_FFpol_T573K.png  used on input line 207.
(pdftex.def)             Requested size: 234.87769pt x 225.31378pt.

Package natbib Warning: Citation `Guo2014' on page S17 undefined on input line 
209.


Package natbib Warning: Citation `Tödheide1963' on page S17 undefined on input
 line 209.


Package natbib Warning: Citation `Takenouchi1964' on page S17 undefined on inpu
t line 209.


Package natbib Warning: Citation `Jiang2017a' on page S17 undefined on input li
ne 209.


Package natbib Warning: Citation `Jiang2017a' on page S17 undefined on input li
ne 209.


Package natbib Warning: Citation `Jiang2017a' on page S17 undefined on input li
ne 209.


Package natbib Warning: Citation `Guo2014' on page S17 undefined on input line 
209.


Package natbib Warning: Citation `Tödheide1963' on page S17 undefined on input
 line 209.


Package natbib Warning: Citation `Takenouchi1964' on page S17 undefined on inpu
t line 209.


Package natbib Warning: Citation `Jiang2017a' on page S17 undefined on input li
ne 209.


Package natbib Warning: Citation `Jiang2017a' on page S17 undefined on input li
ne 209.


Package natbib Warning: Citation `Jiang2017a' on page S17 undefined on input li
ne 209.



[17 <./Figures/GEMC_FFs.png> <./Figures/GEMC_FFpol_T573K.png>]
<Figures/eCPA_Tlow.png, id=126, 422.0568pt x 532.1481pt>
File: Figures/eCPA_Tlow.png Graphic file (type png)
<use Figures/eCPA_Tlow.png>
Package pdftex.def Info: Figures/eCPA_Tlow.png  used on input line 220.
(pdftex.def)             Requested size: 305.33812pt x 385.0058pt.


Package natbib Warning: Citation `Guo2016' on page S18 undefined on input line 
222.


Package natbib Warning: Citation `Koschel2006' on page S18 undefined on input l
ine 222.


Package natbib Warning: Citation `Messabeb2016' on page S18 undefined on input 
line 222.


Package natbib Warning: Citation `Yan2011' on page S18 undefined on input line 
222.


Package natbib Warning: Citation `Guo2016' on page S18 undefined on input line 
222.


Package natbib Warning: Citation `Koschel2006' on page S18 undefined on input l
ine 222.


Package natbib Warning: Citation `Messabeb2016' on page S18 undefined on input 
line 222.


Package natbib Warning: Citation `Yan2011' on page S18 undefined on input line 
222.



[18 <./Figures/eCPA_Tlow.png>]
<Figures/mcW_TWvsDTU_T298K.png, id=131, 390.0171pt x 268.6035pt>
File: Figures/mcW_TWvsDTU_T298K.png Graphic file (type png)
<use Figures/mcW_TWvsDTU_T298K.png>
Package pdftex.def Info: Figures/mcW_TWvsDTU_T298K.png  used on input line 230.

(pdftex.def)             Requested size: 151.91905pt x 104.62378pt.
<Figures/mcW_TWvsDTU_T313K.png, id=132, 390.0171pt x 268.6035pt>
File: Figures/mcW_TWvsDTU_T313K.png Graphic file (type png)
<use Figures/mcW_TWvsDTU_T313K.png>
Package pdftex.def Info: Figures/mcW_TWvsDTU_T313K.png  used on input line 235.

(pdftex.def)             Requested size: 151.91905pt x 104.62378pt.
<Figures/mcW_TWvsDTU_T353K.png, id=133, 390.0171pt x 268.6035pt>
File: Figures/mcW_TWvsDTU_T353K.png Graphic file (type png)
<use Figures/mcW_TWvsDTU_T353K.png>
Package pdftex.def Info: Figures/mcW_TWvsDTU_T353K.png  used on input line 240.

(pdftex.def)             Requested size: 151.91905pt x 104.62378pt.
<Figures/mcW_TWvsDTU_T373K.png, id=134, 390.0171pt x 268.6035pt>
File: Figures/mcW_TWvsDTU_T373K.png Graphic file (type png)
<use Figures/mcW_TWvsDTU_T373K.png>
Package pdftex.def Info: Figures/mcW_TWvsDTU_T373K.png  used on input line 246.

(pdftex.def)             Requested size: 151.91905pt x 104.62378pt.
<Figures/mcW_TWvsDTU_T423K.png, id=135, 404.712pt x 268.6035pt>
File: Figures/mcW_TWvsDTU_T423K.png Graphic file (type png)
<use Figures/mcW_TWvsDTU_T423K.png>
Package pdftex.def Info: Figures/mcW_TWvsDTU_T423K.png  used on input line 251.

(pdftex.def)             Requested size: 151.91905pt x 100.82852pt.
<Figures/mcW_TWvsDTU_T453K.png, id=136, 390.0171pt x 268.6035pt>
File: Figures/mcW_TWvsDTU_T453K.png Graphic file (type png)
<use Figures/mcW_TWvsDTU_T453K.png>
Package pdftex.def Info: Figures/mcW_TWvsDTU_T453K.png  used on input line 256.

(pdftex.def)             Requested size: 151.91905pt x 104.62378pt.
<Figures/mcW_TWvsDTU_T473K.png, id=137, 390.4989pt x 268.6035pt>
File: Figures/mcW_TWvsDTU_T473K.png Graphic file (type png)
<use Figures/mcW_TWvsDTU_T473K.png>
Package pdftex.def Info: Figures/mcW_TWvsDTU_T473K.png  used on input line 262.

(pdftex.def)             Requested size: 151.91905pt x 104.49673pt.
<Figures/mcW_TWvsDTU_T523K.png, id=138, 390.7398pt x 268.6035pt>
File: Figures/mcW_TWvsDTU_T523K.png Graphic file (type png)
<use Figures/mcW_TWvsDTU_T523K.png>
Package pdftex.def Info: Figures/mcW_TWvsDTU_T523K.png  used on input line 267.

(pdftex.def)             Requested size: 151.91905pt x 104.43115pt.
<Figures/mcW_TWvsDTU_T573K.png, id=139, 390.9807pt x 268.6035pt>
File: Figures/mcW_TWvsDTU_T573K.png Graphic file (type png)
<use Figures/mcW_TWvsDTU_T573K.png>
Package pdftex.def Info: Figures/mcW_TWvsDTU_T573K.png  used on input line 272.

(pdftex.def)             Requested size: 151.91905pt x 104.36967pt.
<Figures/mcW_TWvsDTU_T623K.png, id=140, 385.1991pt x 268.6035pt>
File: Figures/mcW_TWvsDTU_T623K.png Graphic file (type png)
<use Figures/mcW_TWvsDTU_T623K.png>
Package pdftex.def Info: Figures/mcW_TWvsDTU_T623K.png  used on input line 278.

(pdftex.def)             Requested size: 151.91905pt x 105.93532pt.
<Figures/mcW_TWvsDTU_T673K.png, id=141, 375.804pt x 268.6035pt>
File: Figures/mcW_TWvsDTU_T673K.png Graphic file (type png)
<use Figures/mcW_TWvsDTU_T673K.png>
Package pdftex.def Info: Figures/mcW_TWvsDTU_T673K.png  used on input line 283.

(pdftex.def)             Requested size: 151.91905pt x 108.583pt.
<Figures/mcW_TWvsDTU_T723K.png, id=142, 375.5631pt x 268.6035pt>
File: Figures/mcW_TWvsDTU_T723K.png Graphic file (type png)
<use Figures/mcW_TWvsDTU_T723K.png>
Package pdftex.def Info: Figures/mcW_TWvsDTU_T723K.png  used on input line 288.

(pdftex.def)             Requested size: 151.91905pt x 108.65677pt.


Package natbib Warning: Citation `Maribo2015' on page S19 undefined on input li
ne 293.


Package natbib Warning: Citation `Guo2016' on page S19 undefined on input line 
293.


Package natbib Warning: Citation `Liu2021' on page S19 undefined on input line 
293.


Package natbib Warning: Citation `Bando2003' on page S19 undefined on input lin
e 293.


Package natbib Warning: Citation `Chabab2019' on page S19 undefined on input li
ne 293.


Package natbib Warning: Citation `Kiepe2002' on page S19 undefined on input lin
e 293.


Package natbib Warning: Citation `Rumpf1994' on page S19 undefined on input lin
e 293.


Package natbib Warning: Citation `Hou2013' on page S19 undefined on input line 
293.


Package natbib Warning: Citation `Koschel2006' on page S19 undefined on input l
ine 293.


Package natbib Warning: Citation `Messabeb2016' on page S19 undefined on input 
line 293.


Package natbib Warning: Citation `Yan2011' on page S19 undefined on input line 
293.


Package natbib Warning: Citation `Zhao2015' on page S19 undefined on input line
 293.


Package natbib Warning: Citation `Nighswander1989' on page S19 undefined on inp
ut line 293.


Package natbib Warning: Citation `Savary2012' on page S19 undefined on input li
ne 293.


Package natbib Warning: Citation `Takenouchi1965' on page S19 undefined on inpu
t line 293.


Package natbib Warning: Citation `Maribo2015' on page S19 undefined on input li
ne 293.


Package natbib Warning: Citation `Guo2016' on page S19 undefined on input line 
293.


Package natbib Warning: Citation `Liu2021' on page S19 undefined on input line 
293.


Package natbib Warning: Citation `Bando2003' on page S19 undefined on input lin
e 293.


Package natbib Warning: Citation `Chabab2019' on page S19 undefined on input li
ne 293.


Package natbib Warning: Citation `Kiepe2002' on page S19 undefined on input lin
e 293.


Package natbib Warning: Citation `Rumpf1994' on page S19 undefined on input lin
e 293.


Package natbib Warning: Citation `Hou2013' on page S19 undefined on input line 
293.


Package natbib Warning: Citation `Koschel2006' on page S19 undefined on input l
ine 293.


Package natbib Warning: Citation `Messabeb2016' on page S19 undefined on input 
line 293.


Package natbib Warning: Citation `Yan2011' on page S19 undefined on input line 
293.


Package natbib Warning: Citation `Zhao2015' on page S19 undefined on input line
 293.


Package natbib Warning: Citation `Nighswander1989' on page S19 undefined on inp
ut line 293.


Package natbib Warning: Citation `Savary2012' on page S19 undefined on input li
ne 293.


Package natbib Warning: Citation `Takenouchi1965' on page S19 undefined on inpu
t line 293.


Underfull \hbox (badness 1881) in paragraph at lines 293--293
\T1/cmr/m/n/12 mod-els (This Work in con-tin-u-ous lines and DTU$[]$ in dashed 
lines) and ex-per-i-
 []



[19 <./Figures/mcW_TWvsDTU_T298K.png> <./Figures/mcW_TWvsDTU_T313K.png> <./Figu
res/mcW_TWvsDTU_T353K.png> <./Figures/mcW_TWvsDTU_T373K.png> <./Figures/mcW_TWv
sDTU_T423K.png> <./Figures/mcW_TWvsDTU_T453K.png> <./Figures/mcW_TWvsDTU_T473K.
png> <./Figures/mcW_TWvsDTU_T523K.png> <./Figures/mcW_TWvsDTU_T573K.png> <./Fig
ures/mcW_TWvsDTU_T623K.png> <./Figures/mcW_TWvsDTU_T673K.png> <./Figures/mcW_TW
vsDTU_T723K.png>]
<Figures/RHOCB_P100b.png, id=159, 428.3202pt x 1147.4067pt>
File: Figures/RHOCB_P100b.png Graphic file (type png)
<use Figures/RHOCB_P100b.png>
Package pdftex.def Info: Figures/RHOCB_P100b.png  used on input line 301.
(pdftex.def)             Requested size: 197.95067pt x 530.28212pt.
<Figures/RHOCB_P180b.png, id=160, 428.3202pt x 1147.4067pt>
File: Figures/RHOCB_P180b.png Graphic file (type png)
<use Figures/RHOCB_P180b.png>
Package pdftex.def Info: Figures/RHOCB_P180b.png  used on input line 306.
(pdftex.def)             Requested size: 197.95067pt x 530.28212pt.


Package natbib Warning: Citation `Song2013' on page S20 undefined on input line
 310.


Package natbib Warning: Citation `Song2013' on page S20 undefined on input line
 310.



[20 <./Figures/RHOCB_P100b.png> <./Figures/RHOCB_P180b.png>]
<Figures/GEMCvseCPA_xcC.png, id=166, 522.753pt x 1206.4272pt>
File: Figures/GEMCvseCPA_xcC.png Graphic file (type png)
<use Figures/GEMCvseCPA_xcC.png>
Package pdftex.def Info: Figures/GEMCvseCPA_xcC.png  used on input line 317.
(pdftex.def)             Requested size: 234.87769pt x 542.05885pt.


Package natbib Warning: Citation `Vlcek2011' on page S21 undefined on input lin
e 319.


Package natbib Warning: Citation `Vlcek2011' on page S21 undefined on input lin
e 319.



[21 <./Figures/GEMCvseCPA_xcC.png>]
<Figures/rhoWGEMCvseCPA_LBvsVC.png, id=171, 633.567pt x 1206.4272pt>
File: Figures/rhoWGEMCvseCPA_LBvsVC.png Graphic file (type png)
<use Figures/rhoWGEMCvseCPA_LBvsVC.png>
Package pdftex.def Info: Figures/rhoWGEMCvseCPA_LBvsVC.png  used on input line 
328.
(pdftex.def)             Requested size: 258.36688pt x 491.96912pt.


Package natbib Warning: Citation `Vlcek2011' on page S22 undefined on input lin
e 330.


Package natbib Warning: Citation `Vlcek2011' on page S22 undefined on input lin
e 330.



[22 <./Figures/rhoWGEMCvseCPA_LBvsVC.png>]
<Figures/gr_HBond.png, id=176, 385.44pt x 281.1303pt>
File: Figures/gr_HBond.png Graphic file (type png)
<use Figures/gr_HBond.png>
Package pdftex.def Info: Figures/gr_HBond.png  used on input line 341.
(pdftex.def)             Requested size: 211.38849pt x 154.1803pt.
<Figures/CW_Structure_LBvsVC_xc004.png, id=177, 404.712pt x 549.0111pt>
File: Figures/CW_Structure_LBvsVC_xc004.png Graphic file (type png)
<use Figures/CW_Structure_LBvsVC_xc004.png>
Package pdftex.def Info: Figures/CW_Structure_LBvsVC_xc004.png  used on input l
ine 350.
(pdftex.def)             Requested size: 188.7515pt x 256.04985pt.
<Figures/CW_Structure_LBvsVC_xc080.png, id=178, 415.5525pt x 555.5154pt>
File: Figures/CW_Structure_LBvsVC_xc080.png Graphic file (type png)
<use Figures/CW_Structure_LBvsVC_xc080.png>
Package pdftex.def Info: Figures/CW_Structure_LBvsVC_xc080.png  used on input l
ine 355.
(pdftex.def)             Requested size: 193.35263pt x 258.47304pt.


Package natbib Warning: Citation `Vlcek2011' on page S23 undefined on input lin
e 359.


Package natbib Warning: Citation `Vlcek2011' on page S23 undefined on input lin
e 359.



[23 <./Figures/gr_HBond.png> <./Figures/CW_Structure_LBvsVC_xc004.png> <./Figur
es/CW_Structure_LBvsVC_xc080.png>]
<Figures/AssociationRatio_Aqueous.png, id=185, 449.0376pt x 306.9066pt>
File: Figures/AssociationRatio_Aqueous.png Graphic file (type png)
<use Figures/AssociationRatio_Aqueous.png>
Package pdftex.def Info: Figures/AssociationRatio_Aqueous.png  used on input li
ne 367.
(pdftex.def)             Requested size: 225.57806pt x 154.17877pt.
<Figures/AssociationRatio_CO2rich.png, id=186, 429.7656pt x 312.4473pt>
File: Figures/AssociationRatio_CO2rich.png Graphic file (type png)
<use Figures/AssociationRatio_CO2rich.png>
Package pdftex.def Info: Figures/AssociationRatio_CO2rich.png  used on input li
ne 372.
(pdftex.def)             Requested size: 216.3723pt x 157.31026pt.


[24 <./Figures/AssociationRatio_Aqueous.png> <./Figures/AssociationRatio_CO2ric
h.png>])
No file main.bbl.

Package natbib Warning: There were undefined citations.

(./main.aux)
 ***********
LaTeX2e <2024-11-01> patch level 2
L3 programming layer <2025-01-18>
 ***********


LaTeX Warning: There were undefined references.


LaTeX Warning: Label(s) may have changed. Rerun to get cross-references right.

 ) 
Here is how much of TeX's memory you used:
 9937 strings out of 473190
 170640 string characters out of 5715801
 585680 words of memory out of 5000000
 32976 multiletter control sequences out of 15000+600000
 587119 words of font info for 104 fonts, out of 8000000 for 9000
 1141 hyphenation exceptions out of 8191
 84i,17n,131p,856b,762s stack positions out of 10000i,1000n,20000p,200000b,200000s
</usr/local/texlive/2025/texmf-dist/fonts/type1/public/amsfonts/cm/cmex10.pfb
></usr/local/texlive/2025/texmf-dist/fonts/type1/public/amsfonts/cm/cmmi10.pfb>
</usr/local/texlive/2025/texmf-dist/fonts/type1/public/amsfonts/cm/cmmi12.pfb><
/usr/local/texlive/2025/texmf-dist/fonts/type1/public/amsfonts/cm/cmmi6.pfb></u
sr/local/texlive/2025/texmf-dist/fonts/type1/public/amsfonts/cm/cmmi7.pfb></usr
/local/texlive/2025/texmf-dist/fonts/type1/public/amsfonts/cm/cmmi8.pfb></usr/l
ocal/texlive/2025/texmf-dist/fonts/type1/public/amsfonts/cm/cmr10.pfb></usr/loc
al/texlive/2025/texmf-dist/fonts/type1/public/amsfonts/cm/cmr12.pfb></usr/local
/texlive/2025/texmf-dist/fonts/type1/public/amsfonts/cm/cmr7.pfb></usr/local/te
xlive/2025/texmf-dist/fonts/type1/public/amsfonts/cm/cmr8.pfb></usr/local/texli
ve/2025/texmf-dist/fonts/type1/public/amsfonts/cm/cmsy10.pfb></usr/local/texliv
e/2025/texmf-dist/fonts/type1/public/amsfonts/cm/cmsy6.pfb></usr/local/texlive/
2025/texmf-dist/fonts/type1/public/amsfonts/cm/cmsy7.pfb></usr/local/texlive/20
25/texmf-dist/fonts/type1/public/amsfonts/cm/cmsy8.pfb></usr/local/texlive/2025
/texmf-dist/fonts/type1/public/cm-super/sfbx0800.pfb></usr/local/texlive/2025/t
exmf-dist/fonts/type1/public/cm-super/sfbx1200.pfb></usr/local/texlive/2025/tex
mf-dist/fonts/type1/public/cm-super/sfbx1440.pfb></usr/local/texlive/2025/texmf
-dist/fonts/type1/public/cm-super/sfbx1728.pfb></usr/local/texlive/2025/texmf-d
ist/fonts/type1/public/cm-super/sfrm0800.pfb></usr/local/texlive/2025/texmf-dis
t/fonts/type1/public/cm-super/sfrm1000.pfb></usr/local/texlive/2025/texmf-dist/
fonts/type1/public/cm-super/sfrm1095.pfb></usr/local/texlive/2025/texmf-dist/fo
nts/type1/public/cm-super/sfrm1200.pfb></usr/local/texlive/2025/texmf-dist/font
s/type1/public/cm-super/sfss1000.pfb></usr/local/texlive/2025/texmf-dist/fonts/
type1/public/cm-super/sfss1200.pfb></usr/local/texlive/2025/texmf-dist/fonts/ty
pe1/public/cm-super/sfss1440.pfb></usr/local/texlive/2025/texmf-dist/fonts/type
1/public/cm-super/sfsx1000.pfb></usr/local/texlive/2025/texmf-dist/fonts/type1/
public/cm-super/sfsx1440.pfb></usr/local/texlive/2025/texmf-dist/fonts/type1/pu
blic/cm-super/sfsx2074.pfb></usr/local/texlive/2025/texmf-dist/fonts/type1/publ
ic/cm-super/sfti1200.pfb>
Output written on main.pdf (24 pages, 6414179 bytes).
PDF statistics:
 316 PDF objects out of 1000 (max. 8388607)
 146 compressed objects within 2 object streams
 0 named destinations out of 1000 (max. 500000)
 211 words of extra memory for PDF output out of 10000 (max. 10000000)

