This is pdfTeX, Version 3.141592653-2.6-1.40.27 (TeX Live 2025) (preloaded format=pdflatex 2025.3.8)  29 MAR 2026 12:29
entering extended mode
 restricted \write18 enabled.
 file:line:error style messages enabled.
 %&-line parsing enabled.
**main.tex
(./main.tex
LaTeX2e <2024-11-01> patch level 2
L3 programming layer <2025-01-18>
(/usr/local/texlive/2025/texmf-dist/tex/latex/elsarticle/elsarticle.cls
Document Class: elsarticle 2025/01/11, 3.4c: Elsevier Ltd
(/usr/local/texlive/2025/texmf-dist/tex/latex/base/fontenc.sty
Package: fontenc 2021/04/29 v2.0v Standard LaTeX package
)
(/usr/local/texlive/2025/texmf-dist/tex/latex/l3kernel/expl3.sty
Package: expl3 2025-01-18 L3 programming layer (loader) 

(/usr/local/texlive/2025/texmf-dist/tex/latex/l3backend/l3backend-pdftex.def
File: l3backend-pdftex.def 2024-05-08 L3 backend support: PDF output (pdfTeX)
\l__color_backend_stack_int=\count196
\l__pdf_internal_box=\box52
))
(/usr/local/texlive/2025/texmf-dist/tex/latex/l3packages/xparse/xparse.sty
Package: xparse 2024-08-16 L3 Experimental document command parser
)
(/usr/local/texlive/2025/texmf-dist/tex/latex/etoolbox/etoolbox.sty
Package: etoolbox 2025/02/11 v2.5l e-TeX tools for LaTeX (JAW)
\etb@tempcnta=\count197
)
\@bls=\dimen141

(/usr/local/texlive/2025/texmf-dist/tex/latex/base/article.cls
Document Class: article 2024/06/29 v1.4n Standard LaTeX document class
(/usr/local/texlive/2025/texmf-dist/tex/latex/base/size12.clo
File: size12.clo 2024/06/29 v1.4n Standard LaTeX file (size option)
)
\c@part=\count198
\c@section=\count199
\c@subsection=\count266
\c@subsubsection=\count267
\c@paragraph=\count268
\c@subparagraph=\count269
\c@figure=\count270
\c@table=\count271
\abovecaptionskip=\skip49
\belowcaptionskip=\skip50
\bibindent=\dimen142
)
(/usr/local/texlive/2025/texmf-dist/tex/latex/graphics/graphicx.sty
Package: graphicx 2021/09/16 v1.2d Enhanced LaTeX Graphics (DPC,SPQR)

(/usr/local/texlive/2025/texmf-dist/tex/latex/graphics/keyval.sty
Package: keyval 2022/05/29 v1.15 key=value parser (DPC)
\KV@toks@=\toks17
)
(/usr/local/texlive/2025/texmf-dist/tex/latex/graphics/graphics.sty
Package: graphics 2024/08/06 v1.4g Standard LaTeX Graphics (DPC,SPQR)

(/usr/local/texlive/2025/texmf-dist/tex/latex/graphics/trig.sty
Package: trig 2023/12/02 v1.11 sin cos tan (DPC)
)
(/usr/local/texlive/2025/texmf-dist/tex/latex/graphics-cfg/graphics.cfg
File: graphics.cfg 2016/06/04 v1.11 sample graphics configuration
)
Package graphics Info: Driver file: pdftex.def on input line 106.

(/usr/local/texlive/2025/texmf-dist/tex/latex/graphics-def/pdftex.def
File: pdftex.def 2024/04/13 v1.2c Graphics/color driver for pdftex
))
\Gin@req@height=\dimen143
\Gin@req@width=\dimen144
)
\c@tnote=\count272
\c@fnote=\count273
\c@cnote=\count274
\c@ead=\count275
\c@elsarticle@author=\count276
\@eadauthor=\toks18
\c@affn=\count277
\absbox=\box53
\elsarticlehighlightsbox=\box54
\elsarticlegrabsbox=\box55
\keybox=\box56
\Columnwidth=\dimen145
\space@left=\dimen146
\els@boxa=\box57
\els@boxb=\box58
\leftMargin=\dimen147
\@enLab=\toks19
\@sep=\skip51
\@@sep=\skip52

(./main.spl) (/usr/local/texlive/2025/texmf-dist/tex/latex/natbib/natbib.sty
Package: natbib 2010/09/13 8.31b (PWD, AO)
\bibhang=\skip53
\bibsep=\skip54
LaTeX Info: Redefining \cite on input line 694.
\c@NAT@ctr=\count278
)
\splwrite=\write3
\openout3 = `main.spl'.

\appnamewidth=\dimen148
)
(/usr/local/texlive/2025/texmf-dist/tex/latex/amsmath/amsmath.sty
Package: amsmath 2024/11/05 v2.17t AMS math features
\@mathmargin=\skip55

For additional information on amsmath, use the `?' option.
(/usr/local/texlive/2025/texmf-dist/tex/latex/amsmath/amstext.sty
Package: amstext 2021/08/26 v2.01 AMS text

(/usr/local/texlive/2025/texmf-dist/tex/latex/amsmath/amsgen.sty
File: amsgen.sty 1999/11/30 v2.0 generic functions
\@emptytoks=\toks20
\ex@=\dimen149
))
(/usr/local/texlive/2025/texmf-dist/tex/latex/amsmath/amsbsy.sty
Package: amsbsy 1999/11/29 v1.2d Bold Symbols
\pmbraise@=\dimen150
)
(/usr/local/texlive/2025/texmf-dist/tex/latex/amsmath/amsopn.sty
Package: amsopn 2022/04/08 v2.04 operator names
)
\inf@bad=\count279
LaTeX Info: Redefining \frac on input line 233.
\uproot@=\count280
\leftroot@=\count281
LaTeX Info: Redefining \overline on input line 398.
LaTeX Info: Redefining \colon on input line 409.
\classnum@=\count282
\DOTSCASE@=\count283
LaTeX Info: Redefining \ldots on input line 495.
LaTeX Info: Redefining \dots on input line 498.
LaTeX Info: Redefining \cdots on input line 619.
\Mathstrutbox@=\box59
\strutbox@=\box60
LaTeX Info: Redefining \big on input line 721.
LaTeX Info: Redefining \Big on input line 722.
LaTeX Info: Redefining \bigg on input line 723.
LaTeX Info: Redefining \Bigg on input line 724.
\big@size=\dimen151
LaTeX Font Info:    Redeclaring font encoding OML on input line 742.
LaTeX Font Info:    Redeclaring font encoding OMS on input line 743.
\macc@depth=\count284
LaTeX Info: Redefining \bmod on input line 904.
LaTeX Info: Redefining \pmod on input line 909.
LaTeX Info: Redefining \smash on input line 939.
LaTeX Info: Redefining \relbar on input line 969.
LaTeX Info: Redefining \Relbar on input line 970.
\c@MaxMatrixCols=\count285
\dotsspace@=\muskip17
\c@parentequation=\count286
\dspbrk@lvl=\count287
\tag@help=\toks21
\row@=\count288
\column@=\count289
\maxfields@=\count290
\andhelp@=\toks22
\eqnshift@=\dimen152
\alignsep@=\dimen153
\tagshift@=\dimen154
\tagwidth@=\dimen155
\totwidth@=\dimen156
\lineht@=\dimen157
\@envbody=\toks23
\multlinegap=\skip56
\multlinetaggap=\skip57
\mathdisplay@stack=\toks24
LaTeX Info: Redefining \[ on input line 2953.
LaTeX Info: Redefining \] on input line 2954.
)
(/usr/local/texlive/2025/texmf-dist/tex/latex/amsfonts/amssymb.sty
Package: amssymb 2013/01/14 v3.01 AMS font symbols

(/usr/local/texlive/2025/texmf-dist/tex/latex/amsfonts/amsfonts.sty
Package: amsfonts 2013/01/14 v3.01 Basic AMSFonts support
\symAMSa=\mathgroup4
\symAMSb=\mathgroup5
LaTeX Font Info:    Redeclaring math symbol \hbar on input line 98.
LaTeX Font Info:    Overwriting math alphabet `\mathfrak' in version `bold'
(Font)                  U/euf/m/n --> U/euf/b/n on input line 106.
))
(/usr/local/texlive/2025/texmf-dist/tex/latex/booktabs/booktabs.sty
Package: booktabs 2020/01/12 v1.61803398 Publication quality tables
\heavyrulewidth=\dimen158
\lightrulewidth=\dimen159
\cmidrulewidth=\dimen160
\belowrulesep=\dimen161
\belowbottomsep=\dimen162
\aboverulesep=\dimen163
\abovetopsep=\dimen164
\cmidrulesep=\dimen165
\cmidrulekern=\dimen166
\defaultaddspace=\dimen167
\@cmidla=\count291
\@cmidlb=\count292
\@aboverulesep=\dimen168
\@belowrulesep=\dimen169
\@thisruleclass=\count293
\@lastruleclass=\count294
\@thisrulewidth=\dimen170
)
(/usr/local/texlive/2025/texmf-dist/tex/latex/caption/subcaption.sty
Package: subcaption 2023/07/28 v1.6b Sub-captions (AR)

(/usr/local/texlive/2025/texmf-dist/tex/latex/caption/caption.sty
Package: caption 2023/08/05 v3.6o Customizing captions (AR)

(/usr/local/texlive/2025/texmf-dist/tex/latex/caption/caption3.sty
Package: caption3 2023/07/31 v2.4d caption3 kernel (AR)
\caption@tempdima=\dimen171
\captionmargin=\dimen172
\caption@leftmargin=\dimen173
\caption@rightmargin=\dimen174
\caption@width=\dimen175
\caption@indent=\dimen176
\caption@parindent=\dimen177
\caption@hangindent=\dimen178
Package caption Info: elsarticle document class detected.

(/usr/local/texlive/2025/texmf-dist/tex/latex/caption/caption-elsarticle.sto
File: caption-elsarticle.sto 2020/08/22 v2.0 Adaption of the caption package to
 the elsarticle document class (AR)
))
\c@caption@flags=\count295
\c@continuedfloat=\count296
)
Package caption Info: New subtype `subfigure' on input line 238.
\c@subfigure=\count297
Package caption Info: New subtype `subtable' on input line 238.
\c@subtable=\count298
) (/usr/local/texlive/2025/texmf-dist/tex/latex/hyperref/hyperref.sty
Package: hyperref 2024-11-05 v7.01l Hypertext links for LaTeX

(/usr/local/texlive/2025/texmf-dist/tex/generic/iftex/iftex.sty
Package: iftex 2024/12/12 v1.0g TeX engine tests
)
(/usr/local/texlive/2025/texmf-dist/tex/latex/kvsetkeys/kvsetkeys.sty
Package: kvsetkeys 2022-10-05 v1.19 Key value parser (HO)
)
(/usr/local/texlive/2025/texmf-dist/tex/generic/kvdefinekeys/kvdefinekeys.sty
Package: kvdefinekeys 2019-12-19 v1.6 Define keys (HO)
)
(/usr/local/texlive/2025/texmf-dist/tex/generic/pdfescape/pdfescape.sty
Package: pdfescape 2019/12/09 v1.15 Implements pdfTeX's escape features (HO)

(/usr/local/texlive/2025/texmf-dist/tex/generic/ltxcmds/ltxcmds.sty
Package: ltxcmds 2023-12-04 v1.26 LaTeX kernel commands for general use (HO)
)
(/usr/local/texlive/2025/texmf-dist/tex/generic/pdftexcmds/pdftexcmds.sty
Package: pdftexcmds 2020-06-27 v0.33 Utility functions of pdfTeX for LuaTeX (HO
)

(/usr/local/texlive/2025/texmf-dist/tex/generic/infwarerr/infwarerr.sty
Package: infwarerr 2019/12/03 v1.5 Providing info/warning/error messages (HO)
)
Package pdftexcmds Info: \pdf@primitive is available.
Package pdftexcmds Info: \pdf@ifprimitive is available.
Package pdftexcmds Info: \pdfdraftmode found.
))
(/usr/local/texlive/2025/texmf-dist/tex/latex/hycolor/hycolor.sty
Package: hycolor 2020-01-27 v1.10 Color options for hyperref/bookmark (HO)
)
(/usr/local/texlive/2025/texmf-dist/tex/latex/hyperref/nameref.sty
Package: nameref 2023-11-26 v2.56 Cross-referencing by name of section

(/usr/local/texlive/2025/texmf-dist/tex/latex/refcount/refcount.sty
Package: refcount 2019/12/15 v3.6 Data extraction from label references (HO)
)
(/usr/local/texlive/2025/texmf-dist/tex/generic/gettitlestring/gettitlestring.s
ty
Package: gettitlestring 2019/12/15 v1.6 Cleanup title references (HO)
 (/usr/local/texlive/2025/texmf-dist/tex/latex/kvoptions/kvoptions.sty
Package: kvoptions 2022-06-15 v3.15 Key value format for package options (HO)
))
\c@section@level=\count299
)
(/usr/local/texlive/2025/texmf-dist/tex/generic/stringenc/stringenc.sty
Package: stringenc 2019/11/29 v1.12 Convert strings between diff. encodings (HO
)
)
\@linkdim=\dimen179
\Hy@linkcounter=\count300
\Hy@pagecounter=\count301

(/usr/local/texlive/2025/texmf-dist/tex/latex/hyperref/pd1enc.def
File: pd1enc.def 2024-11-05 v7.01l Hyperref: PDFDocEncoding definition (HO)
Now handling font encoding PD1 ...
... no UTF-8 mapping file for font encoding PD1
)
(/usr/local/texlive/2025/texmf-dist/tex/generic/intcalc/intcalc.sty
Package: intcalc 2019/12/15 v1.3 Expandable calculations with integers (HO)
)
\Hy@SavedSpaceFactor=\count302

(/usr/local/texlive/2025/texmf-dist/tex/latex/hyperref/puenc.def
File: puenc.def 2024-11-05 v7.01l Hyperref: PDF Unicode definition (HO)
Now handling font encoding PU ...
... no UTF-8 mapping file for font encoding PU
)
Package hyperref Info: Hyper figures OFF on input line 4157.
Package hyperref Info: Link nesting OFF on input line 4162.
Package hyperref Info: Hyper index ON on input line 4165.
Package hyperref Info: Plain pages OFF on input line 4172.
Package hyperref Info: Backreferencing OFF on input line 4177.
Package hyperref Info: Implicit mode ON; LaTeX internals redefined.
Package hyperref Info: Bookmarks ON on input line 4424.
\c@Hy@tempcnt=\count303

(/usr/local/texlive/2025/texmf-dist/tex/latex/url/url.sty
\Urlmuskip=\muskip18
Package: url 2013/09/16  ver 3.4  Verb mode for urls, etc.
)
LaTeX Info: Redefining \url on input line 4763.
\XeTeXLinkMargin=\dimen180

(/usr/local/texlive/2025/texmf-dist/tex/generic/bitset/bitset.sty
Package: bitset 2019/12/09 v1.3 Handle bit-vector datatype (HO)

(/usr/local/texlive/2025/texmf-dist/tex/generic/bigintcalc/bigintcalc.sty
Package: bigintcalc 2019/12/15 v1.5 Expandable calculations on big integers (HO
)
))
\Fld@menulength=\count304
\Field@Width=\dimen181
\Fld@charsize=\dimen182
Package hyperref Info: Hyper figures OFF on input line 6042.
Package hyperref Info: Link nesting OFF on input line 6047.
Package hyperref Info: Hyper index ON on input line 6050.
Package hyperref Info: backreferencing OFF on input line 6057.
Package hyperref Info: Link coloring OFF on input line 6062.
Package hyperref Info: Link coloring with OCG OFF on input line 6067.
Package hyperref Info: PDF/A mode OFF on input line 6072.

(/usr/local/texlive/2025/texmf-dist/tex/latex/base/atbegshi-ltx.sty
Package: atbegshi-ltx 2021/01/10 v1.0c Emulation of the original atbegshi
package with kernel methods
)
\Hy@abspage=\count305
\c@Item=\count306
\c@Hfootnote=\count307
)
Package hyperref Info: Driver (autodetected): hpdftex.

(/usr/local/texlive/2025/texmf-dist/tex/latex/hyperref/hpdftex.def
File: hpdftex.def 2024-11-05 v7.01l Hyperref driver for pdfTeX

(/usr/local/texlive/2025/texmf-dist/tex/latex/base/atveryend-ltx.sty
Package: atveryend-ltx 2020/08/19 v1.0a Emulation of the original atveryend pac
kage
with kernel methods
)
\Fld@listcount=\count308
\c@bookmark@seq@number=\count309

(/usr/local/texlive/2025/texmf-dist/tex/latex/rerunfilecheck/rerunfilecheck.sty
Package: rerunfilecheck 2022-07-10 v1.10 Rerun checks for auxiliary files (HO)

(/usr/local/texlive/2025/texmf-dist/tex/generic/uniquecounter/uniquecounter.sty
Package: uniquecounter 2019/12/15 v1.4 Provide unlimited unique counter (HO)
)
Package uniquecounter Info: New unique counter `rerunfilecheck' on input line 2
85.
)
\Hy@SectionHShift=\skip58
) (/usr/local/texlive/2025/texmf-dist/tex/latex/xcolor/xcolor.sty
Package: xcolor 2024/09/29 v3.02 LaTeX color extensions (UK)

(/usr/local/texlive/2025/texmf-dist/tex/latex/graphics-cfg/color.cfg
File: color.cfg 2016/01/02 v1.6 sample color configuration
)
Package xcolor Info: Driver file: pdftex.def on input line 274.

(/usr/local/texlive/2025/texmf-dist/tex/latex/graphics/mathcolor.ltx)
Package xcolor Info: Model `cmy' substituted by `cmy0' on input line 1349.
Package xcolor Info: Model `hsb' substituted by `rgb' on input line 1353.
Package xcolor Info: Model `RGB' extended on input line 1365.
Package xcolor Info: Model `HTML' substituted by `rgb' on input line 1367.
Package xcolor Info: Model `Hsb' substituted by `hsb' on input line 1368.
Package xcolor Info: Model `tHsb' substituted by `hsb' on input line 1369.
Package xcolor Info: Model `HSB' substituted by `hsb' on input line 1370.
Package xcolor Info: Model `Gray' substituted by `gray' on input line 1371.
Package xcolor Info: Model `wave' substituted by `hsb' on input line 1372.
)
(/usr/local/texlive/2025/texmf-dist/tex/latex/multirow/multirow.sty
Package: multirow 2024/11/12 v2.9 Span multiple rows of a table
\multirow@colwidth=\skip59
\multirow@cntb=\count310
\multirow@dima=\skip60
\bigstrutjot=\dimen183
)
(/usr/local/texlive/2025/texmf-dist/tex/latex/mhchem/mhchem.sty
Package: mhchem 2024/01/29 v4.10 for typesetting chemical formulae

(/usr/local/texlive/2025/texmf-dist/tex/latex/l3packages/l3keys2e/l3keys2e.sty
Package: l3keys2e 2024-08-16 LaTeX2e option processing using LaTeX3 keys
) (/usr/local/texlive/2025/texmf-dist/tex/latex/tools/calc.sty
Package: calc 2023/07/08 v4.3 Infix arithmetic (KKT,FJ)
\calc@Acount=\count311
\calc@Bcount=\count312
\calc@Adimen=\dimen184
\calc@Bdimen=\dimen185
\calc@Askip=\skip61
\calc@Bskip=\skip62
LaTeX Info: Redefining \setlength on input line 80.
LaTeX Info: Redefining \addtolength on input line 81.
\calc@Ccount=\count313
\calc@Cskip=\skip63
)
(/usr/local/texlive/2025/texmf-dist/tex/latex/chemgreek/chemgreek.sty
Package: chemgreek 2020/01/16 v1.1a interface for upright Greek letters for use
 in chemistry (CN)
\l__chemgreek_tmpa_int=\count314
\g__chemgreek_tmpa_int=\count315
)
\l__mhchem_ce_distanceFromLastComma_int=\count316
\__mhchem_arrow_extPgfLength_skip=\skip64
\mhchem@minispace@tmp=\skip65
\mhchem@minibackspace@tmp=\skip66
\mhchem@bondwidth=\skip67
\mhchem@bondheight=\skip68
\mhchem@smallbondwidth@tmpA=\skip69
\mhchem@smallbondwidth@tmpB=\skip70
\mhchem@smallbondwidth=\skip71
\mhchem@bondtmp@minussidebearingleft=\skip72
\mhchem@bondtmp@minussidebearingright=\skip73
\l__mhchem_option_version_int=\count317
\mhchem@option@minusmathsidebearingleft=\dimen186
\mhchem@option@minusmathsidebearingright=\dimen187
\mhchem@option@minustextsidebearingleft=\dimen188
\mhchem@option@minustextsidebearingright=\dimen189
)
(/usr/local/texlive/2025/texmf-dist/tex/latex/siunitx/siunitx.sty
Package: siunitx 2025-02-27 v3.4.6 A comprehensive (SI) units package
\l__siunitx_number_uncert_offset_int=\count318
\l__siunitx_number_exponent_fixed_int=\count319
\l__siunitx_number_min_decimal_int=\count320
\l__siunitx_number_min_integer_int=\count321
\l__siunitx_number_round_precision_int=\count322
\l__siunitx_number_lower_threshold_int=\count323
\l__siunitx_number_upper_threshold_int=\count324
\l__siunitx_number_group_first_int=\count325
\l__siunitx_number_group_size_int=\count326
\l__siunitx_number_group_minimum_int=\count327
\l__siunitx_angle_tmp_dim=\dimen190
\l__siunitx_angle_marker_box=\box61
\l__siunitx_angle_unit_box=\box62
\l__siunitx_compound_count_int=\count328

(/usr/local/texlive/2025/texmf-dist/tex/latex/translations/translations.sty
Package: translations 2022/02/05 v1.12 internationalization of LaTeX2e packages
 (CN)
)
\l__siunitx_table_tmp_box=\box63
\l__siunitx_table_tmp_dim=\dimen191
\l__siunitx_table_column_width_dim=\dimen192
\l__siunitx_table_integer_box=\box64
\l__siunitx_table_decimal_box=\box65
\l__siunitx_table_uncert_box=\box66
\l__siunitx_table_before_box=\box67
\l__siunitx_table_after_box=\box68
\l__siunitx_table_before_dim=\dimen193
\l__siunitx_table_carry_dim=\dimen194
\l__siunitx_unit_tmp_int=\count329
\l__siunitx_unit_position_int=\count330
\l__siunitx_unit_total_int=\count331

(/usr/local/texlive/2025/texmf-dist/tex/latex/tools/array.sty
Package: array 2024/10/17 v2.6g Tabular extension package (FMi)
\col@sep=\dimen195
\ar@mcellbox=\box69
\extrarowheight=\dimen196
\NC@list=\toks25
\extratabsurround=\skip74
\backup@length=\skip75
\ar@cellbox=\box70
))
(/usr/local/texlive/2025/texmf-dist/tex/latex/algorithms/algorithm.sty
Package: algorithm 2009/08/24 v0.1 Document Style `algorithm' - floating enviro
nment

(/usr/local/texlive/2025/texmf-dist/tex/latex/float/float.sty
Package: float 2001/11/08 v1.3d Float enhancements (AL)
\c@float@type=\count332
\float@exts=\toks26
\float@box=\box71
\@float@everytoks=\toks27
\@floatcapt=\box72
)
(/usr/local/texlive/2025/texmf-dist/tex/latex/base/ifthen.sty
Package: ifthen 2024/03/16 v1.1e Standard LaTeX ifthen package (DPC)
)
\@float@every@algorithm=\toks28
\c@algorithm=\count333
)
(/usr/local/texlive/2025/texmf-dist/tex/latex/algorithmicx/algpseudocode.sty
Package: algpseudocode 

(/usr/local/texlive/2025/texmf-dist/tex/latex/algorithmicx/algorithmicx.sty
Package: algorithmicx 2005/04/27 v1.2 Algorithmicx

Document Style algorithmicx 1.2 - a greatly improved `algorithmic' style
\c@ALG@line=\count334
\c@ALG@rem=\count335
\c@ALG@nested=\count336
\ALG@tlm=\skip76
\ALG@thistlm=\skip77
\c@ALG@Lnr=\count337
\c@ALG@blocknr=\count338
\c@ALG@storecount=\count339
\c@ALG@tmpcounter=\count340
\ALG@tmplength=\skip78
)
Document Style - pseudocode environments for use with the `algorithmicx' style
) (/usr/local/texlive/2025/texmf-dist/tex/latex/geometry/geometry.sty
Package: geometry 2020/01/02 v5.9 Page Geometry

(/usr/local/texlive/2025/texmf-dist/tex/generic/iftex/ifvtex.sty
Package: ifvtex 2019/10/25 v1.7 ifvtex legacy package. Use iftex instead.
)
\Gm@cnth=\count341
\Gm@cntv=\count342
\c@Gm@tempcnt=\count343
\Gm@bindingoffset=\dimen197
\Gm@wd@mp=\dimen198
\Gm@odd@mp=\dimen199
\Gm@even@mp=\dimen256
\Gm@layoutwidth=\dimen257
\Gm@layoutheight=\dimen258
\Gm@layouthoffset=\dimen259
\Gm@layoutvoffset=\dimen260
\Gm@dimlist=\toks29
)
(/usr/local/texlive/2025/texmf-dist/tex/latex/lineno/lineno.sty
Package: lineno 2025/01/29 line numbers on paragraphs v5.4
\linenopenalty=\count344
\output=\toks30
\linenoprevgraf=\count345
\linenumbersep=\dimen261
\linenumberwidth=\dimen262
\c@linenumber=\count346
\c@pagewiselinenumber=\count347
\c@LN@truepage=\count348
\c@internallinenumber=\count349
\c@internallinenumbers=\count350
\quotelinenumbersep=\dimen263
\bframerule=\dimen264
\bframesep=\dimen265
\bframebox=\box73
\@LN@amsmath@ams@eqpen=\count351
LaTeX Info: Redefining \\ on input line 3187.
)
(/usr/local/texlive/2025/texmf-dist/tex/latex/placeins/placeins.sty
Package: placeins 2005/04/18  v 2.2
)
(/usr/local/texlive/2025/texmf-dist/tex/latex/tools/longtable.sty
Package: longtable 2024-10-27 v4.22 Multi-page Table package (DPC)
\LTleft=\skip79
\LTright=\skip80
\LTpre=\skip81
\LTpost=\skip82
\LTchunksize=\count352
\LTcapwidth=\dimen266
\LT@head=\box74
\LT@firsthead=\box75
\LT@foot=\box76
\LT@lastfoot=\box77
\LT@gbox=\box78
\LT@cols=\count353
\LT@rows=\count354
\c@LT@tables=\count355
\c@LT@chunks=\count356
\LT@p@ftn=\toks31
)
Package translations Info: No language package found. I am going to use `englis
h' as default language. on input line 28.
 (./main.aux)
\openout1 = `main.aux'.

LaTeX Font Info:    Checking defaults for OML/cmm/m/it on input line 28.
LaTeX Font Info:    ... okay on input line 28.
LaTeX Font Info:    Checking defaults for OMS/cmsy/m/n on input line 28.
LaTeX Font Info:    ... okay on input line 28.
LaTeX Font Info:    Checking defaults for OT1/cmr/m/n on input line 28.
LaTeX Font Info:    ... okay on input line 28.
LaTeX Font Info:    Checking defaults for T1/cmr/m/n on input line 28.
LaTeX Font Info:    ... okay on input line 28.
LaTeX Font Info:    Checking defaults for TS1/cmr/m/n on input line 28.
LaTeX Font Info:    ... okay on input line 28.
LaTeX Font Info:    Checking defaults for OMX/cmex/m/n on input line 28.
LaTeX Font Info:    ... okay on input line 28.
LaTeX Font Info:    Checking defaults for U/cmr/m/n on input line 28.
LaTeX Font Info:    ... okay on input line 28.
LaTeX Font Info:    Checking defaults for PD1/pdf/m/n on input line 28.
LaTeX Font Info:    ... okay on input line 28.
LaTeX Font Info:    Checking defaults for PU/pdf/m/n on input line 28.
LaTeX Font Info:    ... okay on input line 28.
(/usr/local/texlive/2025/texmf-dist/tex/context/base/mkii/supp-pdf.mkii
[Loading MPS to PDF converter (version 2006.09.02).]
\scratchcounter=\count357
\scratchdimen=\dimen267
\scratchbox=\box79
\nofMPsegments=\count358
\nofMParguments=\count359
\everyMPshowfont=\toks32
\MPscratchCnt=\count360
\MPscratchDim=\dimen268
\MPnumerator=\count361
\makeMPintoPDFobject=\count362
\everyMPtoPDFconversion=\toks33
) (/usr/local/texlive/2025/texmf-dist/tex/latex/epstopdf-pkg/epstopdf-base.sty
Package: epstopdf-base 2020-01-24 v2.11 Base part for package epstopdf
Package epstopdf-base Info: Redefining graphics rule for `.eps' on input line 4
85.

(/usr/local/texlive/2025/texmf-dist/tex/latex/latexconfig/epstopdf-sys.cfg
File: epstopdf-sys.cfg 2010/07/13 v1.3 Configuration of (r)epstopdf for TeX Liv
e
))
Package caption Info: Begin \AtBeginDocument code.
Package caption Info: float package is loaded.
Package caption Info: hyperref package is loaded.
Package caption Info: longtable package is loaded.

(/usr/local/texlive/2025/texmf-dist/tex/latex/caption/ltcaption.sty
Package: ltcaption 2021/01/08 v1.4c longtable captions (AR)
)
Package caption Info: End \AtBeginDocument code.
Package hyperref Info: Link coloring OFF on input line 28.

(./main.out) (./main.out)
\@outlinefile=\write4
\openout4 = `main.out'.


Package chemgreek Info: Activating mapping `default' on line 28.


(/usr/local/texlive/2025/texmf-dist/tex/latex/translations/translations-basic-d
ictionary-english.trsl
File: translations-basic-dictionary-english.trsl (english translation file `tra
nslations-basic-dictionary')
)
Package translations Info: loading dictionary `translations-basic-dictionary' f
or `english'. on input line 28.

*geometry* driver: auto-detecting
*geometry* detected driver: pdftex
*geometry* verbose mode - [ preamble ] result:
* driver: pdftex
* paper: <default>
* layout: <same size as paper>
* layoutoffset:(h,v)=(0.0pt,0.0pt)
* modes: 
* h-part:(L,W,R)=(42.67912pt, 528.93675pt, 42.67912pt)
* v-part:(T,H,B)=(71.13188pt, 652.70622pt, 71.13188pt)
* \paperwidth=614.295pt
* \paperheight=794.96999pt
* \textwidth=528.93675pt
* \textheight=652.70622pt
* \oddsidemargin=-29.59087pt
* \evensidemargin=-29.59087pt
* \topmargin=-38.1381pt
* \headheight=12.0pt
* \headsep=25.0pt
* \topskip=12.0pt
* \footskip=30.0pt
* \marginparwidth=44.0pt
* \marginparsep=10.0pt
* \columnsep=10.0pt
* \skip\footins=24.0pt
* \hoffset=0.0pt
* \voffset=0.0pt
* \mag=1000
* \@twocolumnfalse
* \@twosidefalse
* \@mparswitchfalse
* \@reversemarginfalse
* (1in=72.27pt=25.4mm, 1cm=28.453pt)

LaTeX Font Info:    Trying to load font information for U+msa on input line 59.

(/usr/local/texlive/2025/texmf-dist/tex/latex/amsfonts/umsa.fd
File: umsa.fd 2013/01/14 v3.01 AMS symbols A
)
LaTeX Font Info:    Trying to load font information for U+msb on input line 59.


(/usr/local/texlive/2025/texmf-dist/tex/latex/amsfonts/umsb.fd
File: umsb.fd 2013/01/14 v3.01 AMS symbols B
)


Package hyperref Warning: Token not allowed in a PDF string (Unicode):
(hyperref)                removing `math shift' on input line 104.


Package hyperref Warning: Token not allowed in a PDF string (Unicode):
(hyperref)                removing `subscript' on input line 104.


Package hyperref Warning: Token not allowed in a PDF string (Unicode):
(hyperref)                removing `math shift' on input line 104.


Package hyperref Warning: Token not allowed in a PDF string (Unicode):
(hyperref)                removing `math shift' on input line 104.


Package hyperref Warning: Token not allowed in a PDF string (Unicode):
(hyperref)                removing `subscript' on input line 104.


Package hyperref Warning: Token not allowed in a PDF string (Unicode):
(hyperref)                removing `math shift' on input line 104.


Package hyperref Warning: Token not allowed in a PDF string (Unicode):
(hyperref)                removing `\<def>-command' on input line 104.


Package hyperref Warning: Token not allowed in a PDF string (Unicode):
(hyperref)                removing `\cnotenum' on input line 104.


Package hyperref Warning: Token not allowed in a PDF string (Unicode):
(hyperref)                removing `\<def>-command' on input line 104.


Package hyperref Warning: Token not allowed in a PDF string (Unicode):
(hyperref)                removing `\@corref' on input line 104.

[1


{/usr/local/texlive/2025/texmf-var/fonts/map/pdftex/updmap/pdftex.map}{/usr/loc
al/texlive/2025/texmf-dist/fonts/enc/dvips/cm-super/cm-super-t1.enc}]
Overfull \hbox (14.96698pt too wide) in paragraph at lines 122--128
\T1/cmr/m/n/12 hy-dro-static (1bar) to litho-static ($\OML/cmm/m/it/12 >$\T1/cm
r/m/n/12 1000bar), and salin-i-ties from fresh wa-ter to near-saturation ($\OML
/cmm/m/it/12 >$\T1/cmr/m/n/12 6molkg$[]$
 []



[2{/usr/local/texlive/2025/texmf-dist/fonts/enc/dvips/cm-super/cm-super-ts1.enc
}]

[3]

[4]

[5]

[6]

[7]

[8]

[9]

[10]

[11]

[12]

Package hyperref Warning: Token not allowed in a PDF string (Unicode):
(hyperref)                removing `math shift' on input line 894.


Package hyperref Warning: Token not allowed in a PDF string (Unicode):
(hyperref)                removing `subscript' on input line 894.


Package hyperref Warning: Token not allowed in a PDF string (Unicode):
(hyperref)                removing `math shift' on input line 894.


Package hyperref Warning: Token not allowed in a PDF string (Unicode):
(hyperref)                removing `math shift' on input line 894.


Package hyperref Warning: Token not allowed in a PDF string (Unicode):
(hyperref)                removing `subscript' on input line 894.


Package hyperref Warning: Token not allowed in a PDF string (Unicode):
(hyperref)                removing `math shift' on input line 894.



[13]
<fig_1a.png, id=497, 903.375pt x 348.3414pt>
File: fig_1a.png Graphic file (type png)
<use fig_1a.png>
Package pdftex.def Info: fig_1a.png  used on input line 948.
(pdftex.def)             Requested size: 273.46251pt x 105.44934pt.

Overfull \hbox (24.8616pt too wide) in paragraph at lines 948--948
[][] 
 []

<fig_1b.png, id=499, 903.8568pt x 348.3414pt>
File: fig_1b.png Graphic file (type png)
<use fig_1b.png>
Package pdftex.def Info: fig_1b.png  used on input line 949.
(pdftex.def)             Requested size: 273.46251pt x 105.39087pt.

Overfull \hbox (24.8616pt too wide) in paragraph at lines 949--949
[][] 
 []

<fig_1c.png, id=500, 903.8568pt x 348.3414pt>
File: fig_1c.png Graphic file (type png)
<use fig_1c.png>
Package pdftex.def Info: fig_1c.png  used on input line 950.
(pdftex.def)             Requested size: 273.46251pt x 105.39087pt.

Overfull \hbox (24.8616pt too wide) in paragraph at lines 950--950
[][] 
 []

<fig_1d.png, id=501, 903.8568pt x 348.3414pt>
File: fig_1d.png Graphic file (type png)
<use fig_1d.png>
Package pdftex.def Info: fig_1d.png  used on input line 951.
(pdftex.def)             Requested size: 273.46251pt x 105.39087pt.

Overfull \hbox (24.8616pt too wide) in paragraph at lines 951--951
[][] 
 []

<fig_1e.png, id=502, 903.8568pt x 348.3414pt>
File: fig_1e.png Graphic file (type png)
<use fig_1e.png>
Package pdftex.def Info: fig_1e.png  used on input line 952.
(pdftex.def)             Requested size: 273.46251pt x 105.39087pt.

Overfull \hbox (24.8616pt too wide) in paragraph at lines 952--952
[][] 
 []

<fig_1f.png, id=503, 903.375pt x 348.3414pt>
File: fig_1f.png Graphic file (type png)
<use fig_1f.png>
Package pdftex.def Info: fig_1f.png  used on input line 953.
(pdftex.def)             Requested size: 273.46251pt x 105.44934pt.

Overfull \hbox (24.8616pt too wide) in paragraph at lines 953--953
[][] 
 []



[14 <./fig_1a.png> <./fig_1b.png> <./fig_1c.png> <./fig_1d.png> <./fig_1e.png> 
<./fig_1f.png>]

Package hyperref Warning: Token not allowed in a PDF string (Unicode):
(hyperref)                removing `math shift' on input line 1019.


Package hyperref Warning: Token not allowed in a PDF string (Unicode):
(hyperref)                removing `subscript' on input line 1019.


Package hyperref Warning: Token not allowed in a PDF string (Unicode):
(hyperref)                removing `math shift' on input line 1019.

<fig_2a.png, id=563, 449.5194pt x 341.1144pt>
File: fig_2a.png Graphic file (type png)
<use fig_2a.png>
Package pdftex.def Info: fig_2a.png  used on input line 1066.
(pdftex.def)             Requested size: 158.68263pt x 120.41199pt.
<fig_2b.png, id=564, 449.5194pt x 341.1144pt>
File: fig_2b.png Graphic file (type png)
<use fig_2b.png>
Package pdftex.def Info: fig_2b.png  used on input line 1067.
(pdftex.def)             Requested size: 158.68263pt x 120.41199pt.
<fig_2c.png, id=565, 449.5194pt x 341.1144pt>
File: fig_2c.png Graphic file (type png)
<use fig_2c.png>
Package pdftex.def Info: fig_2c.png  used on input line 1068.
(pdftex.def)             Requested size: 158.68263pt x 120.41199pt.
<fig_2d.png, id=566, 449.5194pt x 341.1144pt>
File: fig_2d.png Graphic file (type png)
<use fig_2d.png>
Package pdftex.def Info: fig_2d.png  used on input line 1069.
(pdftex.def)             Requested size: 158.68263pt x 120.41199pt.
<fig_2e.png, id=567, 449.5194pt x 341.1144pt>
File: fig_2e.png Graphic file (type png)
<use fig_2e.png>
Package pdftex.def Info: fig_2e.png  used on input line 1070.
(pdftex.def)             Requested size: 158.68263pt x 120.41199pt.
<fig_2f.png, id=568, 449.5194pt x 341.1144pt>
File: fig_2f.png Graphic file (type png)
<use fig_2f.png>
Package pdftex.def Info: fig_2f.png  used on input line 1071.
(pdftex.def)             Requested size: 158.68263pt x 120.41199pt.


[15]

[16 <./fig_2a.png> <./fig_2b.png> <./fig_2c.png> <./fig_2d.png> <./fig_2e.png> 
<./fig_2f.png>]
<fig_3a.png, id=655, 919.2744pt x 341.1144pt>
File: fig_3a.png Graphic file (type png)
<use fig_3a.png>
Package pdftex.def Info: fig_3a.png  used on input line 1118.
(pdftex.def)             Requested size: 423.151pt x 157.01862pt.
<fig_3b.png, id=656, 919.2744pt x 341.1144pt>
File: fig_3b.png Graphic file (type png)
<use fig_3b.png>
Package pdftex.def Info: fig_3b.png  used on input line 1119.
(pdftex.def)             Requested size: 423.151pt x 157.01862pt.
<fig_3c.png, id=657, 919.2744pt x 341.1144pt>
File: fig_3c.png Graphic file (type png)
<use fig_3c.png>
Package pdftex.def Info: fig_3c.png  used on input line 1120.
(pdftex.def)             Requested size: 423.151pt x 157.01862pt.


[17 <./fig_3a.png> <./fig_3b.png> <./fig_3c.png>]
<fig_4.png, id=715, 706.3188pt x 569.0058pt>
File: fig_4.png Graphic file (type png)
<use fig_4.png>
Package pdftex.def Info: fig_4.png  used on input line 1190.
(pdftex.def)             Requested size: 528.93675pt x 426.10213pt.


[18]

[19 <./fig_4.png>]

[20]
<fig_5.png, id=748, 882.1758pt x 293.4162pt>
File: fig_5.png Graphic file (type png)
<use fig_5.png>
Package pdftex.def Info: fig_5.png  used on input line 1361.
(pdftex.def)             Requested size: 528.93675pt x 175.93466pt.


[21 <./fig_5.png>]
<fig_6a.png, id=757, 389.7762pt x 278.9622pt>
File: fig_6a.png Graphic file (type png)
<use fig_6a.png>
Package pdftex.def Info: fig_6a.png  used on input line 1390.
(pdftex.def)             Requested size: 253.88737pt x 181.71063pt.
<fig_6b.png, id=758, 389.2944pt x 281.853pt>
File: fig_6b.png Graphic file (type png)
<use fig_6b.png>
Package pdftex.def Info: fig_6b.png  used on input line 1395.
(pdftex.def)             Requested size: 253.88737pt x 183.82158pt.


[22 <./fig_6a.png> <./fig_6b.png>]
<fig_7.pdf, id=771, 1123.39352pt x 278.6248pt>
File: fig_7.pdf Graphic file (type pdf)
<use fig_7.pdf>
Package pdftex.def Info: fig_7.pdf  used on input line 1475.
(pdftex.def)             Requested size: 528.93675pt x 131.18748pt.


[23 <./fig_7.pdf>]
<fig_8.pdf, id=848, 1123.39352pt x 278.6248pt>
File: fig_8.pdf Graphic file (type pdf)
<use fig_8.pdf>
Package pdftex.def Info: fig_8.pdf  used on input line 1543.
(pdftex.def)             Requested size: 528.93675pt x 131.18748pt.
<fig_9.pdf, id=853, 981.37367pt x 278.6248pt>
File: fig_9.pdf Graphic file (type pdf)
<use fig_9.pdf>
Package pdftex.def Info: fig_9.pdf  used on input line 1578.
(pdftex.def)             Requested size: 528.93675pt x 150.17879pt.


[24 <./fig_8.pdf>]

[25 <./fig_9.pdf>]

[26]

[27] (./main.bbl

[28]

[29]

[30]) [31] [32]

[33]

[34]

Package hyperref Warning: Token not allowed in a PDF string (Unicode):
(hyperref)                removing `math shift' on input line 2035.


Package hyperref Warning: Token not allowed in a PDF string (Unicode):
(hyperref)                removing `\leavevmode@ifvmode' on input line 2035.


Package hyperref Warning: Token not allowed in a PDF string (Unicode):
(hyperref)                \kern 1.95827pt
(hyperref)                removed on input line 2035.


Package hyperref Warning: Token not allowed in a PDF string (Unicode):
(hyperref)                removing `\chi' on input line 2035.


Package hyperref Warning: Token not allowed in a PDF string (Unicode):
(hyperref)                removing `subscript' on input line 2035.


Package hyperref Warning: Token not allowed in a PDF string (Unicode):
(hyperref)                removing `\leavevmode@ifvmode' on input line 2035.


Package hyperref Warning: Token not allowed in a PDF string (Unicode):
(hyperref)                \kern 1.95827pt
(hyperref)                removed on input line 2035.


Package hyperref Warning: Token not allowed in a PDF string (Unicode):
(hyperref)                removing `\chi' on input line 2035.


Package hyperref Warning: Token not allowed in a PDF string (Unicode):
(hyperref)                removing `subscript' on input line 2035.


Package hyperref Warning: Token not allowed in a PDF string (Unicode):
(hyperref)                removing `math shift' on input line 2035.



[35]

Package hyperref Warning: Token not allowed in a PDF string (Unicode):
(hyperref)                removing `math shift' on input line 2106.


Package hyperref Warning: Token not allowed in a PDF string (Unicode):
(hyperref)                removing `subscript' on input line 2106.


Package hyperref Warning: Token not allowed in a PDF string (Unicode):
(hyperref)                removing `\leavevmode@ifvmode' on input line 2106.


Package hyperref Warning: Token not allowed in a PDF string (Unicode):
(hyperref)                \kern 1.95827pt
(hyperref)                removed on input line 2106.


Package hyperref Warning: Token not allowed in a PDF string (Unicode):
(hyperref)                removing `\varepsilon' on input line 2106.


Package hyperref Warning: Token not allowed in a PDF string (Unicode):
(hyperref)                removing `subscript' on input line 2106.


Package hyperref Warning: Token not allowed in a PDF string (Unicode):
(hyperref)                removing `\leavevmode@ifvmode' on input line 2106.


Package hyperref Warning: Token not allowed in a PDF string (Unicode):
(hyperref)                \kern 1.95827pt
(hyperref)                removed on input line 2106.


Package hyperref Warning: Token not allowed in a PDF string (Unicode):
(hyperref)                removing `\chi' on input line 2106.


Package hyperref Warning: Token not allowed in a PDF string (Unicode):
(hyperref)                removing `subscript' on input line 2106.


Package hyperref Warning: Token not allowed in a PDF string (Unicode):
(hyperref)                removing `math shift' on input line 2106.



[36]

[37]
<fig_S1a.png, id=1191, 903.375pt x 348.3414pt>
File: fig_S1a.png Graphic file (type png)
<use fig_S1a.png>
Package pdftex.def Info: fig_S1a.png  used on input line 2219.
(pdftex.def)             Requested size: 124.30045pt x 47.92764pt.
<fig_S1b.png, id=1192, 903.375pt x 348.3414pt>
File: fig_S1b.png Graphic file (type png)
<use fig_S1b.png>
Package pdftex.def Info: fig_S1b.png  used on input line 2220.
(pdftex.def)             Requested size: 124.30045pt x 47.92764pt.
<fig_S1c.png, id=1193, 903.375pt x 348.3414pt>
File: fig_S1c.png Graphic file (type png)
<use fig_S1c.png>
Package pdftex.def Info: fig_S1c.png  used on input line 2221.
(pdftex.def)             Requested size: 124.30045pt x 47.92764pt.
<fig_S1d.png, id=1194, 903.375pt x 348.3414pt>
File: fig_S1d.png Graphic file (type png)
<use fig_S1d.png>
Package pdftex.def Info: fig_S1d.png  used on input line 2222.
(pdftex.def)             Requested size: 124.30045pt x 47.92764pt.
<fig_S1e.png, id=1195, 903.375pt x 348.3414pt>
File: fig_S1e.png Graphic file (type png)
<use fig_S1e.png>
Package pdftex.def Info: fig_S1e.png  used on input line 2223.
(pdftex.def)             Requested size: 124.30045pt x 47.92764pt.
<fig_S1f.png, id=1196, 903.375pt x 348.3414pt>
File: fig_S1f.png Graphic file (type png)
<use fig_S1f.png>
Package pdftex.def Info: fig_S1f.png  used on input line 2224.
(pdftex.def)             Requested size: 124.30045pt x 47.92764pt.
<fig_S1g.png, id=1197, 903.375pt x 348.3414pt>
File: fig_S1g.png Graphic file (type png)
<use fig_S1g.png>
Package pdftex.def Info: fig_S1g.png  used on input line 2225.
(pdftex.def)             Requested size: 124.30045pt x 47.92764pt.
<fig_S1h.png, id=1198, 903.8568pt x 348.3414pt>
File: fig_S1h.png Graphic file (type png)
<use fig_S1h.png>
Package pdftex.def Info: fig_S1h.png  used on input line 2226.
(pdftex.def)             Requested size: 124.30045pt x 47.90106pt.
<fig_S1i.png, id=1199, 903.8568pt x 348.3414pt>
File: fig_S1i.png Graphic file (type png)
<use fig_S1i.png>
Package pdftex.def Info: fig_S1i.png  used on input line 2227.
(pdftex.def)             Requested size: 124.30045pt x 47.90106pt.
<fig_S1j.png, id=1200, 903.8568pt x 348.3414pt>
File: fig_S1j.png Graphic file (type png)
<use fig_S1j.png>
Package pdftex.def Info: fig_S1j.png  used on input line 2228.
(pdftex.def)             Requested size: 124.30045pt x 47.90106pt.
<fig_S1k.png, id=1201, 903.8568pt x 348.3414pt>
File: fig_S1k.png Graphic file (type png)
<use fig_S1k.png>
Package pdftex.def Info: fig_S1k.png  used on input line 2229.
(pdftex.def)             Requested size: 124.30045pt x 47.90106pt.
<fig_S1l.png, id=1202, 903.8568pt x 348.3414pt>
File: fig_S1l.png Graphic file (type png)
<use fig_S1l.png>
Package pdftex.def Info: fig_S1l.png  used on input line 2230.
(pdftex.def)             Requested size: 124.30045pt x 47.90106pt.
<fig_S1m.png, id=1203, 903.8568pt x 348.3414pt>
File: fig_S1m.png Graphic file (type png)
<use fig_S1m.png>
Package pdftex.def Info: fig_S1m.png  used on input line 2231.
(pdftex.def)             Requested size: 124.30045pt x 47.90106pt.
<fig_S1n.png, id=1204, 903.8568pt x 348.3414pt>
File: fig_S1n.png Graphic file (type png)
<use fig_S1n.png>
Package pdftex.def Info: fig_S1n.png  used on input line 2232.
(pdftex.def)             Requested size: 124.30045pt x 47.90106pt.
<fig_S1o.png, id=1205, 903.8568pt x 348.3414pt>
File: fig_S1o.png Graphic file (type png)
<use fig_S1o.png>
Package pdftex.def Info: fig_S1o.png  used on input line 2233.
(pdftex.def)             Requested size: 124.30045pt x 47.90106pt.
<fig_S1p.png, id=1206, 903.8568pt x 348.3414pt>
File: fig_S1p.png Graphic file (type png)
<use fig_S1p.png>
Package pdftex.def Info: fig_S1p.png  used on input line 2234.
(pdftex.def)             Requested size: 124.30045pt x 47.90106pt.
<fig_S1q.png, id=1207, 903.8568pt x 348.3414pt>
File: fig_S1q.png Graphic file (type png)
<use fig_S1q.png>
Package pdftex.def Info: fig_S1q.png  used on input line 2235.
(pdftex.def)             Requested size: 124.30045pt x 47.90106pt.
<fig_S1r.png, id=1208, 903.8568pt x 348.3414pt>
File: fig_S1r.png Graphic file (type png)
<use fig_S1r.png>
Package pdftex.def Info: fig_S1r.png  used on input line 2236.
(pdftex.def)             Requested size: 124.30045pt x 47.90106pt.
<fig_S1s.png, id=1209, 903.8568pt x 348.3414pt>
File: fig_S1s.png Graphic file (type png)
<use fig_S1s.png>
Package pdftex.def Info: fig_S1s.png  used on input line 2237.
(pdftex.def)             Requested size: 124.30045pt x 47.90106pt.
<fig_S1t.png, id=1210, 903.375pt x 348.3414pt>
File: fig_S1t.png Graphic file (type png)
<use fig_S1t.png>
Package pdftex.def Info: fig_S1t.png  used on input line 2238.
(pdftex.def)             Requested size: 124.30045pt x 47.92764pt.
<fig_S1u.png, id=1211, 903.375pt x 348.3414pt>
File: fig_S1u.png Graphic file (type png)
<use fig_S1u.png>
Package pdftex.def Info: fig_S1u.png  used on input line 2239.
(pdftex.def)             Requested size: 124.30045pt x 47.92764pt.
<fig_S1v.png, id=1212, 903.375pt x 348.3414pt>
File: fig_S1v.png Graphic file (type png)
<use fig_S1v.png>
Package pdftex.def Info: fig_S1v.png  used on input line 2240.
(pdftex.def)             Requested size: 124.30045pt x 47.92764pt.
<fig_S1w.png, id=1213, 903.375pt x 348.3414pt>
File: fig_S1w.png Graphic file (type png)
<use fig_S1w.png>
Package pdftex.def Info: fig_S1w.png  used on input line 2241.
(pdftex.def)             Requested size: 124.30045pt x 47.92764pt.
<fig_S1x.png, id=1214, 903.375pt x 348.3414pt>
File: fig_S1x.png Graphic file (type png)
<use fig_S1x.png>
Package pdftex.def Info: fig_S1x.png  used on input line 2242.
(pdftex.def)             Requested size: 124.30045pt x 47.92764pt.
<fig_S1y.png, id=1215, 903.375pt x 348.3414pt>
File: fig_S1y.png Graphic file (type png)
<use fig_S1y.png>
Package pdftex.def Info: fig_S1y.png  used on input line 2243.
(pdftex.def)             Requested size: 124.30045pt x 47.92764pt.
<fig_S1z.png, id=1216, 903.375pt x 348.3414pt>
File: fig_S1z.png Graphic file (type png)
<use fig_S1z.png>
Package pdftex.def Info: fig_S1z.png  used on input line 2244.
(pdftex.def)             Requested size: 124.30045pt x 47.92764pt.
<fig_S1aa.png, id=1217, 903.375pt x 348.3414pt>
File: fig_S1aa.png Graphic file (type png)
<use fig_S1aa.png>
Package pdftex.def Info: fig_S1aa.png  used on input line 2245.
(pdftex.def)             Requested size: 124.30045pt x 47.92764pt.
<fig_S1ab.png, id=1218, 903.375pt x 348.3414pt>
File: fig_S1ab.png Graphic file (type png)
<use fig_S1ab.png>
Package pdftex.def Info: fig_S1ab.png  used on input line 2246.
(pdftex.def)             Requested size: 124.30045pt x 47.92764pt.
<fig_S1ac.png, id=1219, 903.375pt x 348.3414pt>
File: fig_S1ac.png Graphic file (type png)
<use fig_S1ac.png>
Package pdftex.def Info: fig_S1ac.png  used on input line 2247.
(pdftex.def)             Requested size: 124.30045pt x 47.92764pt.
File: fig_S1a.png Graphic file (type png)
<use fig_S1a.png>
Package pdftex.def Info: fig_S1a.png  used on input line 2248.
(pdftex.def)             Requested size: 124.30045pt x 47.92764pt.
File: fig_S1a.png Graphic file (type png)
<use fig_S1a.png>
Package pdftex.def Info: fig_S1a.png  used on input line 2249.
(pdftex.def)             Requested size: 124.30045pt x 47.92764pt.
File: fig_S1a.png Graphic file (type png)
<use fig_S1a.png>
Package pdftex.def Info: fig_S1a.png  used on input line 2250.
(pdftex.def)             Requested size: 124.30045pt x 47.92764pt.


[38]
<fig_S2a.png, id=1232, 449.5194pt x 341.1144pt>
File: fig_S2a.png Graphic file (type png)
<use fig_S2a.png>
Package pdftex.def Info: fig_S2a.png  used on input line 2265.
(pdftex.def)             Requested size: 158.68263pt x 120.41199pt.
<fig_S2b.png, id=1233, 449.5194pt x 341.1144pt>
File: fig_S2b.png Graphic file (type png)
<use fig_S2b.png>
Package pdftex.def Info: fig_S2b.png  used on input line 2266.
(pdftex.def)             Requested size: 158.68263pt x 120.41199pt.
<fig_S2c.png, id=1234, 449.5194pt x 341.1144pt>
File: fig_S2c.png Graphic file (type png)
<use fig_S2c.png>
Package pdftex.def Info: fig_S2c.png  used on input line 2267.
(pdftex.def)             Requested size: 158.68263pt x 120.41199pt.
<fig_S2d.png, id=1235, 449.5194pt x 341.1144pt>
File: fig_S2d.png Graphic file (type png)
<use fig_S2d.png>
Package pdftex.def Info: fig_S2d.png  used on input line 2268.
(pdftex.def)             Requested size: 158.68263pt x 120.41199pt.
<fig_S2e.png, id=1236, 449.5194pt x 341.1144pt>
File: fig_S2e.png Graphic file (type png)
<use fig_S2e.png>
Package pdftex.def Info: fig_S2e.png  used on input line 2269.
(pdftex.def)             Requested size: 158.68263pt x 120.41199pt.
<fig_S2f.png, id=1237, 449.5194pt x 341.1144pt>
File: fig_S2f.png Graphic file (type png)
<use fig_S2f.png>
Package pdftex.def Info: fig_S2f.png  used on input line 2270.
(pdftex.def)             Requested size: 158.68263pt x 120.41199pt.
<fig_S2g.png, id=1238, 449.5194pt x 341.1144pt>
File: fig_S2g.png Graphic file (type png)
<use fig_S2g.png>
Package pdftex.def Info: fig_S2g.png  used on input line 2271.
(pdftex.def)             Requested size: 158.68263pt x 120.41199pt.
<fig_S2h.png, id=1239, 449.5194pt x 341.1144pt>
File: fig_S2h.png Graphic file (type png)
<use fig_S2h.png>
Package pdftex.def Info: fig_S2h.png  used on input line 2272.
(pdftex.def)             Requested size: 158.68263pt x 120.41199pt.
<fig_S2i.png, id=1240, 449.5194pt x 341.1144pt>
File: fig_S2i.png Graphic file (type png)
<use fig_S2i.png>
Package pdftex.def Info: fig_S2i.png  used on input line 2273.
(pdftex.def)             Requested size: 158.68263pt x 120.41199pt.


[39 <./fig_S1a.png> <./fig_S1b.png> <./fig_S1c.png> <./fig_S1d.png> <./fig_S1e.
png> <./fig_S1f.png> <./fig_S1g.png> <./fig_S1h.png> <./fig_S1i.png> <./fig_S1j
.png> <./fig_S1k.png> <./fig_S1l.png> <./fig_S1m.png> <./fig_S1n.png> <./fig_S1
o.png> <./fig_S1p.png> <./fig_S1q.png> <./fig_S1r.png> <./fig_S1s.png> <./fig_S
1t.png> <./fig_S1u.png> <./fig_S1v.png> <./fig_S1w.png> <./fig_S1x.png> <./fig_
S1y.png> <./fig_S1z.png> <./fig_S1aa.png> <./fig_S1ab.png> <./fig_S1ac.png>]
<fig_S3a.png, id=1312, 449.5194pt x 341.1144pt>
File: fig_S3a.png Graphic file (type png)
<use fig_S3a.png>
Package pdftex.def Info: fig_S3a.png  used on input line 2290.
(pdftex.def)             Requested size: 243.31445pt x 184.63623pt.
<fig_S3b.png, id=1313, 449.5194pt x 341.1144pt>
File: fig_S3b.png Graphic file (type png)
<use fig_S3b.png>
Package pdftex.def Info: fig_S3b.png  used on input line 2291.
(pdftex.def)             Requested size: 243.31445pt x 184.63623pt.


[40 <./fig_S2a.png> <./fig_S2b.png> <./fig_S2c.png> <./fig_S2d.png> <./fig_S2e.
png> <./fig_S2f.png> <./fig_S2g.png> <./fig_S2h.png> <./fig_S2i.png>]
<fig_S4.png, id=1332, 890.8482pt x 498.663pt>
File: fig_S4.png Graphic file (type png)
<use fig_S4.png>
Package pdftex.def Info: fig_S4.png  used on input line 2304.
(pdftex.def)             Requested size: 502.4883pt x 281.27336pt.


[41 <./fig_S3a.png> <./fig_S3b.png> <./fig_S4.png>]
<fig_S5.png, id=1347, 387.849pt x 329.5512pt>
File: fig_S5.png Graphic file (type png)
<use fig_S5.png>
Package pdftex.def Info: fig_S5.png  used on input line 2325.
(pdftex.def)             Requested size: 290.91682pt x 247.18791pt.
<fig_S5b.png, id=1359, 495.2904pt x 367.1316pt>
File: fig_S5b.png Graphic file (type png)
<use fig_S5b.png>
Package pdftex.def Info: fig_S5b.png  used on input line 2361.
(pdftex.def)             Requested size: 449.59946pt x 333.26677pt.


[42 <./fig_S5.png>]
<fig_S6.png, id=1373, 817.6146pt x 367.1316pt>
File: fig_S6.png Graphic file (type png)
<use fig_S6.png>
Package pdftex.def Info: fig_S6.png  used on input line 2378.
(pdftex.def)             Requested size: 502.4883pt x 225.63612pt.


[43 <./fig_S5b.png>]

[44 <./fig_S6.png>]
<fig_11.png, id=1391, 930.8376pt x 280.8894pt>
File: fig_11.png Graphic file (type png)
<use fig_11.png>
Package pdftex.def Info: fig_11.png  used on input line 2453.
(pdftex.def)             Requested size: 528.93675pt x 159.61572pt.


[45]
<fig_12.png, id=1399, 497.2176pt x 281.3712pt>
File: fig_12.png Graphic file (type png)
<use fig_12.png>
Package pdftex.def Info: fig_12.png  used on input line 2469.
(pdftex.def)             Requested size: 343.80565pt x 194.56708pt.
<fig_S7.png, id=1400, 1085.4954pt x 322.3242pt>
File: fig_S7.png Graphic file (type png)
<use fig_S7.png>
Package pdftex.def Info: fig_S7.png  used on input line 2484.
(pdftex.def)             Requested size: 528.93675pt x 157.06479pt.


[46 <./fig_11.png> <./fig_12.png>]
<fig_S8.png, id=1408, 931.3194pt x 317.988pt>
File: fig_S8.png Graphic file (type png)
<use fig_S8.png>
Package pdftex.def Info: fig_S8.png  used on input line 2504.
(pdftex.def)             Requested size: 528.93675pt x 180.6pt.


[47 <./fig_S7.png> <./fig_S8.png>]

[48]

[49]
<fig_10.png, id=1444, 833.514pt x 711.1368pt>
File: fig_10.png Graphic file (type png)
<use fig_10.png>
Package pdftex.def Info: fig_10.png  used on input line 2658.
(pdftex.def)             Requested size: 528.93675pt x 451.27386pt.


[50]

[51 <./fig_10.png>]
<fig_S9.png, id=1457, 498.663pt x 317.5062pt>
File: fig_S9.png Graphic file (type png)
<use fig_S9.png>
Package pdftex.def Info: fig_S9.png  used on input line 2741.
(pdftex.def)             Requested size: 423.151pt x 269.42612pt.


[52]

[53 <./fig_S9.png>] (./main.aux)
 ***********
LaTeX2e <2024-11-01> patch level 2
L3 programming layer <2025-01-18>
 ***********


LaTeX Warning: Label(s) may have changed. Rerun to get cross-references right.

Package rerunfilecheck Info: File `main.out' has not changed.
(rerunfilecheck)             Checksum: F80D0783BA57D50AEF41DE13602BB72F;8781.
 ) 
Here is how much of TeX's memory you used:
 20372 strings out of 473190
 385585 string characters out of 5715801
 823828 words of memory out of 5000000
 43086 multiletter control sequences out of 15000+600000
 585387 words of font info for 107 fonts, out of 8000000 for 9000
 1141 hyphenation exceptions out of 8191
 75i,13n,79p,1213b,1249s stack positions out of 10000i,1000n,20000p,200000b,200000s
</usr/local/texlive/2025/texmf-dist/fonts/type1/public/amsfonts/cm/cmbx10.pfb
></usr/local/texlive/2025/texmf-dist/fonts/type1/public/amsfonts/cm/cmbx12.pfb>
</usr/local/texlive/2025/texmf-dist/fonts/type1/public/amsfonts/cm/cmbx8.pfb></
usr/local/texlive/2025/texmf-dist/fonts/type1/public/amsfonts/cm/cmex10.pfb></u
sr/local/texlive/2025/texmf-dist/fonts/type1/public/amsfonts/cm/cmmi10.pfb></us
r/local/texlive/2025/texmf-dist/fonts/type1/public/amsfonts/cm/cmmi12.pfb></usr
/local/texlive/2025/texmf-dist/fonts/type1/public/amsfonts/cm/cmmi6.pfb></usr/l
ocal/texlive/2025/texmf-dist/fonts/type1/public/amsfonts/cm/cmmi7.pfb></usr/loc
al/texlive/2025/texmf-dist/fonts/type1/public/amsfonts/cm/cmmi8.pfb></usr/local
/texlive/2025/texmf-dist/fonts/type1/public/amsfonts/cm/cmr10.pfb></usr/local/t
exlive/2025/texmf-dist/fonts/type1/public/amsfonts/cm/cmr12.pfb></usr/local/tex
live/2025/texmf-dist/fonts/type1/public/amsfonts/cm/cmr5.pfb></usr/local/texliv
e/2025/texmf-dist/fonts/type1/public/amsfonts/cm/cmr6.pfb></usr/local/texlive/2
025/texmf-dist/fonts/type1/public/amsfonts/cm/cmr7.pfb></usr/local/texlive/2025
/texmf-dist/fonts/type1/public/amsfonts/cm/cmr8.pfb></usr/local/texlive/2025/te
xmf-dist/fonts/type1/public/amsfonts/cm/cmss8.pfb></usr/local/texlive/2025/texm
f-dist/fonts/type1/public/amsfonts/cm/cmsy10.pfb></usr/local/texlive/2025/texmf
-dist/fonts/type1/public/amsfonts/cm/cmsy6.pfb></usr/local/texlive/2025/texmf-d
ist/fonts/type1/public/amsfonts/cm/cmsy7.pfb></usr/local/texlive/2025/texmf-dis
t/fonts/type1/public/amsfonts/cm/cmsy8.pfb></usr/local/texlive/2025/texmf-dist/
fonts/type1/public/amsfonts/symbols/msam10.pfb></usr/local/texlive/2025/texmf-d
ist/fonts/type1/public/cm-super/sfbx1000.pfb></usr/local/texlive/2025/texmf-dis
t/fonts/type1/public/cm-super/sfbx1200.pfb></usr/local/texlive/2025/texmf-dist/
fonts/type1/public/cm-super/sfrm0700.pfb></usr/local/texlive/2025/texmf-dist/fo
nts/type1/public/cm-super/sfrm0800.pfb></usr/local/texlive/2025/texmf-dist/font
s/type1/public/cm-super/sfrm1000.pfb></usr/local/texlive/2025/texmf-dist/fonts/
type1/public/cm-super/sfrm1095.pfb></usr/local/texlive/2025/texmf-dist/fonts/ty
pe1/public/cm-super/sfrm1200.pfb></usr/local/texlive/2025/texmf-dist/fonts/type
1/public/cm-super/sfrm1728.pfb></usr/local/texlive/2025/texmf-dist/fonts/type1/
public/cm-super/sfss0800.pfb></usr/local/texlive/2025/texmf-dist/fonts/type1/pu
blic/cm-super/sfti0700.pfb></usr/local/texlive/2025/texmf-dist/fonts/type1/publ
ic/cm-super/sfti0800.pfb></usr/local/texlive/2025/texmf-dist/fonts/type1/public
/cm-super/sfti1000.pfb></usr/local/texlive/2025/texmf-dist/fonts/type1/public/c
m-super/sfti1200.pfb></usr/local/texlive/2025/texmf-dist/fonts/type1/public/cm-
super/sftt1000.pfb></usr/local/texlive/2025/texmf-dist/fonts/type1/public/cm-su
per/sftt1200.pfb>
Output written on main.pdf (53 pages, 11588855 bytes).
PDF statistics:
 1687 PDF objects out of 1728 (max. 8388607)
 1190 compressed objects within 12 object streams
 289 named destinations out of 1000 (max. 500000)
 665 words of extra memory for PDF output out of 10000 (max. 10000000)

