\BOOKMARK [1][-]{section.1}{\376\377\000I\000n\000t\000r\000o\000d\000u\000c\000t\000i\000o\000n}{}% 1
\BOOKMARK [1][-]{section.2}{\376\377\000T\000h\000e\000r\000m\000o\000d\000y\000n\000a\000m\000i\000c\000\040\000F\000r\000a\000m\000e\000w\000o\000r\000k}{}% 2
\BOOKMARK [2][-]{subsection.2.1}{\376\377\000C\000P\000A\000\040\000e\000q\000u\000a\000t\000i\000o\000n\000\040\000o\000f\000\040\000s\000t\000a\000t\000e}{section.2}% 3
\BOOKMARK [2][-]{subsection.2.2}{\376\377\000e\000C\000P\000A\000\040\000e\000q\000u\000a\000t\000i\000o\000n\000\040\000o\000f\000\040\000s\000t\000a\000t\000e}{section.2}% 4
\BOOKMARK [2][-]{subsection.2.3}{\376\377\000D\000e\000n\000s\000i\000t\000y\000\040\000a\000n\000d\000\040\000P\000\351\000n\000e\000l\000o\000u\000x\000\040\000v\000o\000l\000u\000m\000e\000\040\000c\000o\000r\000r\000e\000c\000t\000i\000o\000n}{section.2}% 5
\BOOKMARK [1][-]{section.3}{\376\377\000P\000h\000a\000s\000e\000\040\000S\000t\000a\000b\000i\000l\000i\000t\000y\000\040\000a\000n\000d\000\040\000F\000l\000a\000s\000h\000\040\000C\000o\000m\000p\000u\000t\000a\000t\000i\000o\000n\000s}{}% 6
\BOOKMARK [2][-]{subsection.3.1}{\376\377\000I\000n\000i\000t\000i\000a\000l\000\040\000i\000m\000p\000l\000e\000m\000e\000n\000t\000a\000t\000i\000o\000n\000:\000\040\000o\000u\000t\000e\000r\000\040\000B\000r\000e\000n\000t\000\040\000l\000o\000o\000p\000\040\000o\000v\000e\000r\000\040\000a\000q\000u\000e\000o\000u\000s\000\040\000m\000o\000l\000a\000l\000i\000t\000y}{section.3}% 7
\BOOKMARK [2][-]{subsection.3.2}{\376\377\000M\000i\000c\000h\000e\000l\000s\000e\000n\000\040\000t\000a\000n\000g\000e\000n\000t\000-\000p\000l\000a\000n\000e\000\040\000d\000i\000s\000t\000a\000n\000c\000e\000\040\000s\000t\000a\000b\000i\000l\000i\000t\000y\000\040\000t\000e\000s\000t}{section.3}% 8
\BOOKMARK [2][-]{subsection.3.3}{\376\377\000S\000u\000c\000c\000e\000s\000s\000i\000v\000e\000-\000s\000u\000b\000s\000t\000i\000t\000u\000t\000i\000o\000n\000\040\000i\000s\000o\000t\000h\000e\000r\000m\000a\000l\000\040\000f\000l\000a\000s\000h}{section.3}% 9
\BOOKMARK [2][-]{subsection.3.4}{\376\377\000P\000h\000a\000s\000e\000\040\000e\000n\000v\000e\000l\000o\000p\000e}{section.3}% 10
\BOOKMARK [2][-]{subsection.3.5}{\376\377\000F\000a\000s\000t\000\040\000f\000l\000a\000s\000h\000\040\000f\000o\000r\000\040\000r\000e\000s\000e\000r\000v\000o\000i\000r\000\040\000s\000i\000m\000u\000l\000a\000t\000i\000o\000n}{section.3}% 11
\BOOKMARK [3][-]{subsubsection.3.5.1}{\376\377\000F\000o\000u\000r\000-\000d\000i\000m\000e\000n\000s\000i\000o\000n\000a\000l\000\040\000s\000o\000l\000u\000t\000i\000o\000n\000\040\000t\000a\000b\000l\000e}{subsection.3.5}% 12
\BOOKMARK [3][-]{subsubsection.3.5.2}{\376\377\000F\000a\000s\000t\000\040\000f\000l\000a\000s\000h\000\040\000a\000l\000g\000o\000r\000i\000t\000h\000m}{subsection.3.5}% 13
\BOOKMARK [1][-]{section.4}{\376\377\000V\000a\000l\000i\000d\000a\000t\000i\000o\000n}{}% 14
\BOOKMARK [2][-]{subsection.4.1}{\376\377\000C\000O\0002\000\040\000+\000\040\000H\0002\000O\000\040\000b\000i\000n\000a\000r\000y}{section.4}% 15
\BOOKMARK [2][-]{subsection.4.2}{\376\377\000C\000O\0002\000\040\000+\000\040\000N\000a\000C\000l\000\040\000b\000r\000i\000n\000e}{section.4}% 16
\BOOKMARK [2][-]{subsection.4.3}{\376\377\000F\000l\000a\000s\000h\000\040\000r\000e\000s\000u\000l\000t\000s\000\040\000a\000s\000\040\000a\000\040\000f\000u\000n\000c\000t\000i\000o\000n\000\040\000o\000f\000\040\000f\000e\000e\000d\000\040\000c\000o\000m\000p\000o\000s\000i\000t\000i\000o\000n}{section.4}% 17
\BOOKMARK [2][-]{subsection.4.4}{\376\377\000A\000q\000u\000e\000o\000u\000s\000-\000p\000h\000a\000s\000e\000\040\000d\000e\000n\000s\000i\000t\000y}{section.4}% 18
\BOOKMARK [1][-]{section.5}{\376\377\000C\000o\000m\000p\000u\000t\000a\000t\000i\000o\000n\000a\000l\000\040\000P\000e\000r\000f\000o\000r\000m\000a\000n\000c\000e}{}% 19
\BOOKMARK [2][-]{subsection.5.1}{\376\377\000C\000o\000m\000p\000a\000r\000i\000s\000o\000n\000\040\000o\000f\000\040\000f\000l\000a\000s\000h\000\040\000s\000t\000r\000a\000t\000e\000g\000i\000e\000s}{section.5}% 20
\BOOKMARK [2][-]{subsection.5.2}{\376\377\000F\000l\000a\000s\000h\000\040\000c\000o\000n\000v\000e\000r\000g\000e\000n\000c\000e\000\040\000s\000t\000a\000t\000i\000s\000t\000i\000c\000s}{section.5}% 21
\BOOKMARK [1][-]{section.6}{\376\377\000E\000o\000S\000\040\000P\000a\000r\000a\000m\000e\000t\000e\000r\000s}{}% 22
\BOOKMARK [1][-]{section.7}{\376\377\000C\000o\000n\000c\000l\000u\000s\000i\000o\000n\000s}{}% 23
 22
\BOOKMARK [2][-]{subsection.6.1}{\376\377\000N\000u\000m\000e\000r\000i\000c\000a\000l\000\040\000s\000c\000h\000e\000m\000e}{section.6}% 23
\BOOKMARK [2][-]{subsection.6.2}{\376\377\000S\000i\000m\000u\000l\000a\000t\000i\000o\000n\000\040\000s\000e\000t\000u\000p}{section.6}% 24
\BOOKMARK [2][-]{subsection.6.3}{\376\377\000R\000e\000s\000u\000l\000t\000s}{section.6}% 25
\BOOKMARK [2][-]{subsection.6.4}{\376\377\000F\000l\000a\000s\000h\000\040\000p\000e\000r\000f\000o\000r\000m\000a\000n\000c\000e\000\040\000i\000n\000\040\000t\000h\000e\000\040\000s\000i\000m\000u\000l\000a\000t\000o\000r}{section.6}% 26
\BOOKMARK [1][-]{section.7}{\376\377\000C\000o\000n\000c\000l\000u\000s\000i\000o\000n\000s}{}% 27
\BOOKMARK [1][-]{appendix.A}{\376\377\000A\000p\000p\000e\000n\000d\000i\000x\000:\000\040\000E\000o\000S\000\040\000P\000a\000r\000a\000m\000e\000t\000e\000r\000s}{}% 28
\BOOKMARK [1][-]{appendix.A}{\376\377\000S\000o\000f\000t\000w\000a\000r\000e\000\040\000O\000v\000e\000r\000v\000i\000e\000w}{}% 29
\BOOKMARK [2][-]{subsection.A.1}{\376\377\000C\000o\000r\000e\000\040\000p\000a\000c\000k\000a\000g\000e\000:\000\040\000e\000c\000p\000a\000/}{appendix.A}% 30
\BOOKMARK [3][-]{subsubsection.A.1.1}{\376\377\000e\000c\000p\000a\000/\000c\000o\000n\000s\000t\000a\000n\000t\000s\000.\000p\000y}{subsection.A.1}% 31
\BOOKMARK [3][-]{subsubsection.A.1.2}{\376\377\000e\000c\000p\000a\000/\000p\000a\000r\000a\000m\000e\000t\000e\000r\000s\000.\000p\000y}{subsection.A.1}% 32
\BOOKMARK [3][-]{subsubsection.A.1.3}{\376\377\000e\000c\000p\000a\000/\000e\000l\000v\000.\000p\000y}{subsection.A.1}% 33
\BOOKMARK [3][-]{subsubsection.A.1.4}{\376\377\000e\000c\000p\000a\000/\000f\000l\000a\000s\000h\000.\000p\000y}{subsection.A.1}% 34
\BOOKMARK [3][-]{subsubsection.A.1.5}{\376\377\000e\000c\000p\000a\000/\000s\000t\000a\000b\000i\000l\000i\000t\000y\000.\000p\000y}{subsection.A.1}% 35
\BOOKMARK [3][-]{subsubsection.A.1.6}{\376\377\000e\000c\000p\000a\000/\000s\000o\000l\000u\000t\000i\000o\000n\000\137\000t\000a\000b\000l\000e\000.\000p\000y}{subsection.A.1}% 36
\BOOKMARK [3][-]{subsubsection.A.1.7}{\376\377\000e\000c\000p\000a\000/\000s\000c\000a\000n\000.\000p\000y}{subsection.A.1}% 37
\BOOKMARK [3][-]{subsubsection.A.1.8}{\376\377\000e\000c\000p\000a\000/\000e\000n\000v\000e\000l\000o\000p\000e\000.\000p\000y}{subsection.A.1}% 38
\BOOKMARK [3][-]{subsubsection.A.1.9}{\376\377\000e\000c\000p\000a\000/\000g\000u\000e\000s\000s\000\137\000t\000a\000b\000l\000e\000.\000p\000y}{subsection.A.1}% 39
\BOOKMARK [3][-]{subsubsection.A.1.10}{\376\377\000e\000c\000p\000a\000/\000v\000a\000l\000i\000d\000a\000t\000e\000\137\000c\000o\0002\000h\0002\000o\000.\000p\000y}{subsection.A.1}% 40
\BOOKMARK [3][-]{subsubsection.A.1.11}{\376\377\000e\000c\000p\000a\000/\000v\000a\000l\000i\000d\000a\000t\000e\000\137\000n\000a\000c\000l\000.\000p\000y}{subsection.A.1}% 41
\BOOKMARK [3][-]{subsubsection.A.1.12}{\376\377\000e\000c\000p\000a\000/\000p\000l\000o\000t\000t\000i\000n\000g\000.\000p\000y}{subsection.A.1}% 42
\BOOKMARK [3][-]{subsubsection.A.1.13}{\376\377\000e\000c\000p\000a\000/\000e\000x\000p\000\137\000d\000a\000t\000a\000.\000p\000y}{subsection.A.1}% 43
\BOOKMARK [3][-]{subsubsection.A.1.14}{\376\377\000e\000c\000p\000a\000/\000u\000t\000i\000l\000s\000.\000p\000y}{subsection.A.1}% 44
\BOOKMARK [2][-]{subsection.A.2}{\376\377\000S\000a\000l\000t\000-\000f\000r\000e\000e\000\040\000C\000P\000A\000\040\000m\000o\000d\000u\000l\000e\000:\000\040\000C\000P\000A\0002\000.\000p\000y}{appendix.A}% 45
\BOOKMARK [2][-]{subsection.A.3}{\376\377\000R\000u\000n\000n\000e\000r\000\040\000s\000c\000r\000i\000p\000t\000s}{appendix.A}% 46
\BOOKMARK [2][-]{subsection.A.4}{\376\377\000I\000n\000t\000e\000r\000a\000c\000t\000i\000v\000e\000\040\000n\000o\000t\000e\000b\000o\000o\000k\000:\000\040\000e\000C\000P\000A\000\137\000n\000o\000t\000e\000b\000o\000o\000k\000.\000i\000p\000y\000n\000b}{appendix.A}% 47
\BOOKMARK [2][-]{subsection.A.5}{\376\377\000E\000x\000p\000e\000r\000i\000m\000e\000n\000t\000a\000l\000\040\000d\000a\000t\000a\000\040\000d\000i\000r\000e\000c\000t\000o\000r\000y\000:\000\040\000E\000X\000P\000/}{appendix.A}% 48
\BOOKMARK [2][-]{subsection.A.6}{\376\377\000R\000e\000s\000u\000l\000t\000s\000\040\000a\000n\000d\000\040\000f\000i\000g\000u\000r\000e\000s}{appendix.A}% 49
